Archive member included to satisfy reference by file (symbol)

c:/program files (x86)/atmel/studio/7.0/toolchain/arm/arm-gnu-toolchain/bin/../lib/gcc/arm-none-eabi/6.3.1/../../../../arm-none-eabi/lib/thumb/v7e-m\libc.a(lib_a-exit.o)
                              c:/program files (x86)/atmel/studio/7.0/toolchain/arm/arm-gnu-toolchain/bin/../lib/gcc/arm-none-eabi/6.3.1/../../../../arm-none-eabi/lib/thumb/v7e-m/crt0.o (exit)
c:/program files (x86)/atmel/studio/7.0/toolchain/arm/arm-gnu-toolchain/bin/../lib/gcc/arm-none-eabi/6.3.1/../../../../arm-none-eabi/lib/thumb/v7e-m\libc.a(lib_a-impure.o)
                              c:/program files (x86)/atmel/studio/7.0/toolchain/arm/arm-gnu-toolchain/bin/../lib/gcc/arm-none-eabi/6.3.1/../../../../arm-none-eabi/lib/thumb/v7e-m\libc.a(lib_a-exit.o) (_global_impure_ptr)
c:/program files (x86)/atmel/studio/7.0/toolchain/arm/arm-gnu-toolchain/bin/../lib/gcc/arm-none-eabi/6.3.1/../../../../arm-none-eabi/lib/thumb/v7e-m\libc.a(lib_a-init.o)
                              c:/program files (x86)/atmel/studio/7.0/toolchain/arm/arm-gnu-toolchain/bin/../lib/gcc/arm-none-eabi/6.3.1/../../../../arm-none-eabi/lib/thumb/v7e-m/crt0.o (__libc_init_array)
c:/program files (x86)/atmel/studio/7.0/toolchain/arm/arm-gnu-toolchain/bin/../lib/gcc/arm-none-eabi/6.3.1/../../../../arm-none-eabi/lib/thumb/v7e-m\libc.a(lib_a-iprintf.o)
                              src/ASF/sam/drivers/adc/adc.o (iprintf)
c:/program files (x86)/atmel/studio/7.0/toolchain/arm/arm-gnu-toolchain/bin/../lib/gcc/arm-none-eabi/6.3.1/../../../../arm-none-eabi/lib/thumb/v7e-m\libc.a(lib_a-memset.o)
                              c:/program files (x86)/atmel/studio/7.0/toolchain/arm/arm-gnu-toolchain/bin/../lib/gcc/arm-none-eabi/6.3.1/../../../../arm-none-eabi/lib/thumb/v7e-m/crt0.o (memset)
c:/program files (x86)/atmel/studio/7.0/toolchain/arm/arm-gnu-toolchain/bin/../lib/gcc/arm-none-eabi/6.3.1/../../../../arm-none-eabi/lib/thumb/v7e-m\libc.a(lib_a-puts.o)
                              src/ASF/sam/drivers/adc/adc.o (puts)
c:/program files (x86)/atmel/studio/7.0/toolchain/arm/arm-gnu-toolchain/bin/../lib/gcc/arm-none-eabi/6.3.1/../../../../arm-none-eabi/lib/thumb/v7e-m\libc.a(lib_a-setbuf.o)
                              src/main.o (setbuf)
c:/program files (x86)/atmel/studio/7.0/toolchain/arm/arm-gnu-toolchain/bin/../lib/gcc/arm-none-eabi/6.3.1/../../../../arm-none-eabi/lib/thumb/v7e-m\libc.a(lib_a-setvbuf.o)
                              c:/program files (x86)/atmel/studio/7.0/toolchain/arm/arm-gnu-toolchain/bin/../lib/gcc/arm-none-eabi/6.3.1/../../../../arm-none-eabi/lib/thumb/v7e-m\libc.a(lib_a-setbuf.o) (setvbuf)
c:/program files (x86)/atmel/studio/7.0/toolchain/arm/arm-gnu-toolchain/bin/../lib/gcc/arm-none-eabi/6.3.1/../../../../arm-none-eabi/lib/thumb/v7e-m\libc.a(lib_a-sprintf.o)
                              src/main.o (sprintf)
c:/program files (x86)/atmel/studio/7.0/toolchain/arm/arm-gnu-toolchain/bin/../lib/gcc/arm-none-eabi/6.3.1/../../../../arm-none-eabi/lib/thumb/v7e-m\libc.a(lib_a-strlen.o)
                              c:/program files (x86)/atmel/studio/7.0/toolchain/arm/arm-gnu-toolchain/bin/../lib/gcc/arm-none-eabi/6.3.1/../../../../arm-none-eabi/lib/thumb/v7e-m\libc.a(lib_a-puts.o) (strlen)
c:/program files (x86)/atmel/studio/7.0/toolchain/arm/arm-gnu-toolchain/bin/../lib/gcc/arm-none-eabi/6.3.1/../../../../arm-none-eabi/lib/thumb/v7e-m\libc.a(lib_a-svfprintf.o)
                              c:/program files (x86)/atmel/studio/7.0/toolchain/arm/arm-gnu-toolchain/bin/../lib/gcc/arm-none-eabi/6.3.1/../../../../arm-none-eabi/lib/thumb/v7e-m\libc.a(lib_a-sprintf.o) (_svfprintf_r)
c:/program files (x86)/atmel/studio/7.0/toolchain/arm/arm-gnu-toolchain/bin/../lib/gcc/arm-none-eabi/6.3.1/../../../../arm-none-eabi/lib/thumb/v7e-m\libc.a(lib_a-vfiprintf.o)
                              c:/program files (x86)/atmel/studio/7.0/toolchain/arm/arm-gnu-toolchain/bin/../lib/gcc/arm-none-eabi/6.3.1/../../../../arm-none-eabi/lib/thumb/v7e-m\libc.a(lib_a-iprintf.o) (_vfiprintf_r)
c:/program files (x86)/atmel/studio/7.0/toolchain/arm/arm-gnu-toolchain/bin/../lib/gcc/arm-none-eabi/6.3.1/../../../../arm-none-eabi/lib/thumb/v7e-m\libc.a(lib_a-wsetup.o)
                              c:/program files (x86)/atmel/studio/7.0/toolchain/arm/arm-gnu-toolchain/bin/../lib/gcc/arm-none-eabi/6.3.1/../../../../arm-none-eabi/lib/thumb/v7e-m\libc.a(lib_a-vfiprintf.o) (__swsetup_r)
c:/program files (x86)/atmel/studio/7.0/toolchain/arm/arm-gnu-toolchain/bin/../lib/gcc/arm-none-eabi/6.3.1/../../../../arm-none-eabi/lib/thumb/v7e-m\libc.a(lib_a-__call_atexit.o)
                              c:/program files (x86)/atmel/studio/7.0/toolchain/arm/arm-gnu-toolchain/bin/../lib/gcc/arm-none-eabi/6.3.1/../../../../arm-none-eabi/lib/thumb/v7e-m\libc.a(lib_a-exit.o) (__call_exitprocs)
[...]
Memory Configuration

Name             Origin             Length             Attributes
rom              0x00400000         0x00200000         xr
ram              0x20000000         0x00028000         xrw
*default*        0x00000000         0xffffffff

Linker script and memory map

LOAD c:/program files (x86)/atmel/studio/7.0/toolchain/arm/arm-gnu-toolchain/bin/../lib/gcc/arm-none-eabi/6.3.1/thumb/v7e-m/crti.o
LOAD c:/program files (x86)/atmel/studio/7.0/toolchain/arm/arm-gnu-toolchain/bin/../lib/gcc/arm-none-eabi/6.3.1/thumb/v7e-m/crtbegin.o
LOAD c:/program files (x86)/atmel/studio/7.0/toolchain/arm/arm-gnu-toolchain/bin/../lib/gcc/arm-none-eabi/6.3.1/../../../../arm-none-eabi/lib/thumb/v7e-m/crt0.o
LOAD src/ASF/common/services/serial/usart_serial.o
LOAD src/ASF/common/utils/stdio/read.o
LOAD src/ASF/common/utils/stdio/write.o
LOAD src/ASF/sam/components/display/aat31xx/aat31xx.o
LOAD src/ASF/sam/components/display/ili93xx/ili93xx.o
LOAD src/ASF/sam/drivers/adc/adc.o
LOAD src/ASF/sam/drivers/adc/adc_sam3u.o
LOAD src/ASF/sam/drivers/ebi/smc/smc.o
LOAD src/ASF/sam/drivers/tc/tc.o
LOAD src/ASF/common/services/clock/sam4s/sysclk.o
LOAD src/ASF/common/utils/interrupt/interrupt_sam_nvic.o
LOAD src/ASF/sam/boards/sam4s_ek2/init.o
LOAD src/ASF/sam/boards/sam4s_ek2/led.o
LOAD src/ASF/sam/drivers/pio/pio.o
LOAD src/ASF/sam/drivers/pio/pio_handler.o
LOAD src/ASF/sam/drivers/pmc/pmc.o
LOAD src/ASF/sam/drivers/pmc/sleep.o
LOAD src/ASF/sam/drivers/uart/uart.o
LOAD src/ASF/sam/drivers/usart/usart.o
LOAD src/ASF/sam/utils/cmsis/sam4s/source/templates/gcc/startup_sam4s.o
LOAD src/ASF/sam/utils/cmsis/sam4s/source/templates/system_sam4s.o
LOAD src/ASF/sam/utils/syscalls/gcc/syscalls.o
LOAD src/main.o
START GROUP
LOAD ../src/ASF/thirdparty/CMSIS/Lib/GCC\libarm_cortexM4l_math.a
LOAD c:/program files (x86)/atmel/studio/7.0/toolchain/arm/arm-gnu-toolchain/bin/../lib/gcc/arm-none-eabi/6.3.1/../../../../arm-none-eabi/lib/thumb/v7e-m\libm.a
END GROUP
START GROUP
LOAD c:/program files (x86)/atmel/studio/7.0/toolchain/arm/arm-gnu-toolchain/bin/../lib/gcc/arm-none-eabi/6.3.1/thumb/v7e-m\libgcc.a
LOAD c:/program files (x86)/atmel/studio/7.0/toolchain/arm/arm-gnu-toolchain/bin/../lib/gcc/arm-none-eabi/6.3.1/../../../../arm-none-eabi/lib/thumb/v7e-m\libc.a
END GROUP
LOAD c:/program files (x86)/atmel/studio/7.0/toolchain/arm/arm-gnu-toolchain/bin/../lib/gcc/arm-none-eabi/6.3.1/thumb/v7e-m/crtend.o
LOAD c:/program files (x86)/atmel/studio/7.0/toolchain/arm/arm-gnu-toolchain/bin/../lib/gcc/arm-none-eabi/6.3.1/thumb/v7e-m/crtn.o
                0x00003000                __stack_size__ = DEFINED (__stack_size__)?__stack_size__:0x3000
                0x20027ffc                __ram_end__ = ((ORIGIN (ram) + LENGTH (ram)) - 0x4)

.text           0x00400000     0x8e1c
                0x00400000                . = ALIGN (0x4)
                0x00400000                _sfixed = .
 *(.vectors .vectors.*)
 .vectors       0x00400000       0xcc src/ASF/sam/utils/cmsis/sam4s/source/templates/gcc/startup_sam4s.o
                0x00400000                exception_table
 *(.text .text.* .gnu.linkonce.t.*)
 .text          0x004000cc       0x6c c:/program files (x86)/atmel/studio/7.0/toolchain/arm/arm-gnu-toolchain/bin/../lib/gcc/arm-none-eabi/6.3.1/thumb/v7e-m/crtbegin.o
 .text._read    0x00400138       0x3c src/ASF/common/utils/stdio/read.o
                0x00400138                _read
 .text._write   0x00400174       0x50 src/ASF/common/utils/stdio/write.o
                0x00400174                _write
 .text.aat31xx_set_backlight
                0x004001c4       0x5c src/ASF/sam/components/display/aat31xx/aat31xx.o
                0x004001c4                aat31xx_set_backlight
 .text.aat31xx_disable_backlight
                0x00400220       0x24 src/ASF/sam/components/display/aat31xx/aat31xx.o
                0x00400220                aat31xx_disable_backlight
 .text.ili93xx_write_ram_prepare
                0x00400244       0x34 src/ASF/sam/components/display/ili93xx/ili93xx.o
 .text.ili93xx_write_ram
                0x00400278       0x18 src/ASF/sam/components/display/ili93xx/ili93xx.o
 .text.ili93xx_write_ram_buffer
                0x00400290       0x60 src/ASF/sam/components/display/ili93xx/ili93xx.o
 .text.ili93xx_write_register_word
                0x004002f0       0x16 src/ASF/sam/components/display/ili93xx/ili93xx.o
 *fill*         0x00400306        0x2 
 .text.ili93xx_write_register
                0x00400308       0x2c src/ASF/sam/components/display/ili93xx/ili93xx.o
 .text.ili93xx_delay
                0x00400334       0x38 src/ASF/sam/components/display/ili93xx/ili93xx.o
 .text.ili93xx_check_box_coordinates
                0x0040036c       0x60 src/ASF/sam/components/display/ili93xx/ili93xx.o
 .text.ili93xx_device_type_identify
                0x004003cc       0x80 src/ASF/sam/components/display/ili93xx/ili93xx.o
                0x004003cc                ili93xx_device_type_identify
 .text.ili93xx_display_on
                0x0040044c       0x34 src/ASF/sam/components/display/ili93xx/ili93xx.o
                0x0040044c                ili93xx_display_on
 .text.ili93xx_set_foreground_color
                0x00400480       0x18 src/ASF/sam/components/display/ili93xx/ili93xx.o
                0x00400480                ili93xx_set_foreground_color
 .text.ili93xx_set_window
                0x00400498       0xa8 src/ASF/sam/components/display/ili93xx/ili93xx.o
                0x00400498                ili93xx_set_window
 .text.ili93xx_set_cursor_position
                0x00400540       0x28 src/ASF/sam/components/display/ili93xx/ili93xx.o
                0x00400540                ili93xx_set_cursor_position
 .text.ili93xx_init
                0x00400568      0x2e4 src/ASF/sam/components/display/ili93xx/ili93xx.o
                0x00400568                ili93xx_init
 .text.ili93xx_draw_pixel
                0x0040084c       0x7c src/ASF/sam/components/display/ili93xx/ili93xx.o
                0x0040084c                ili93xx_draw_pixel
 .text.ili93xx_draw_filled_rectangle
                0x004008c8       0xc8 src/ASF/sam/components/display/ili93xx/ili93xx.o
                0x004008c8                ili93xx_draw_filled_rectangle
 .text.ili93xx_draw_string
                0x00400990       0xb0 src/ASF/sam/components/display/ili93xx/ili93xx.o
                0x00400990                ili93xx_draw_string
 .text.adc_init
                0x00400a40       0x34 src/ASF/sam/drivers/adc/adc.o
                0x00400a40                adc_init
 .text.adc_configure_trigger
                0x00400a74        0xe src/ASF/sam/drivers/adc/adc.o
                0x00400a74                adc_configure_trigger
 .text.adc_configure_timing
                0x00400a82       0x1c src/ASF/sam/drivers/adc/adc.o
                0x00400a82                adc_configure_timing
 .text.adc_start
                0x00400a9e        0x6 src/ASF/sam/drivers/adc/adc.o
                0x00400a9e                adc_start
 .text.adc_enable_channel
                0x00400aa4        0xa src/ASF/sam/drivers/adc/adc.o
                0x00400aa4                adc_enable_channel
 .text.adc_get_latest_value
                0x00400aae        0x4 src/ASF/sam/drivers/adc/adc.o
                0x00400aae                adc_get_latest_value
 .text.adc_enable_interrupt
                0x00400ab2        0x4 src/ASF/sam/drivers/adc/adc.o
                0x00400ab2                adc_enable_interrupt
 .text.adc_get_status
                0x00400ab6        0x4 src/ASF/sam/drivers/adc/adc.o
                0x00400ab6                adc_get_status
 .text.smc_set_setup_timing
                0x00400aba        0x6 src/ASF/sam/drivers/ebi/smc/smc.o
                0x00400aba                smc_set_setup_timing
 .text.smc_set_pulse_timing
                0x00400ac0        0x8 src/ASF/sam/drivers/ebi/smc/smc.o
                0x00400ac0                smc_set_pulse_timing
 .text.smc_set_cycle_timing
                0x00400ac8        0x8 src/ASF/sam/drivers/ebi/smc/smc.o
                0x00400ac8                smc_set_cycle_timing
 .text.smc_set_mode
                0x00400ad0        0x8 src/ASF/sam/drivers/ebi/smc/smc.o
                0x00400ad0                smc_set_mode
 .text.tc_init  0x00400ad8       0x18 src/ASF/sam/drivers/tc/tc.o
                0x00400ad8                tc_init
 .text.tc_start
                0x00400af0        0x8 src/ASF/sam/drivers/tc/tc.o
                0x00400af0                tc_start
 .text.tc_write_rc
                0x00400af8        0x8 src/ASF/sam/drivers/tc/tc.o
                0x00400af8                tc_write_rc
 .text.tc_enable_interrupt
                0x00400b00        0x8 src/ASF/sam/drivers/tc/tc.o
                0x00400b00                tc_enable_interrupt
 .text.tc_get_status
                0x00400b08        0x8 src/ASF/sam/drivers/tc/tc.o
                0x00400b08                tc_get_status
 .text.tc_find_mck_divisor
                0x00400b10       0x70 src/ASF/sam/drivers/tc/tc.o
                0x00400b10                tc_find_mck_divisor
 .text.sysclk_init
                0x00400b80       0x64 src/ASF/common/services/clock/sam4s/sysclk.o
                0x00400b80                sysclk_init
 .text.board_init
                0x00400be4      0x144 src/ASF/sam/boards/sam4s_ek2/init.o
                0x00400be4                board_init
 .text.LED_Off  0x00400d28       0x3c src/ASF/sam/boards/sam4s_ek2/led.o
                0x00400d28                LED_Off
 .text.LED_On   0x00400d64       0x3c src/ASF/sam/boards/sam4s_ek2/led.o
                0x00400d64                LED_On
 .text.pio_set_peripheral
                0x00400da0       0x90 src/ASF/sam/drivers/pio/pio.o
                0x00400da0                pio_set_peripheral
 .text.pio_set_input
                0x00400e30       0x32 src/ASF/sam/drivers/pio/pio.o
                0x00400e30                pio_set_input
 .text.pio_set_output
                0x00400e62       0x26 src/ASF/sam/drivers/pio/pio.o
                0x00400e62                pio_set_output
 .text.pio_configure_interrupt
                0x00400e88       0x2e src/ASF/sam/drivers/pio/pio.o
                0x00400e88                pio_configure_interrupt
 .text.pio_enable_interrupt
                0x00400eb6        0x4 src/ASF/sam/drivers/pio/pio.o
                0x00400eb6                pio_enable_interrupt
 .text.pio_get_interrupt_status
                0x00400eba        0x4 src/ASF/sam/drivers/pio/pio.o
                0x00400eba                pio_get_interrupt_status
 .text.pio_get_interrupt_mask
                0x00400ebe        0x4 src/ASF/sam/drivers/pio/pio.o
                0x00400ebe                pio_get_interrupt_mask
 .text.pio_set_pin_high
                0x00400ec2       0x1a src/ASF/sam/drivers/pio/pio.o
                0x00400ec2                pio_set_pin_high
 .text.pio_set_pin_low
                0x00400edc       0x1a src/ASF/sam/drivers/pio/pio.o
                0x00400edc                pio_set_pin_low
 *fill*         0x00400ef6        0x2 
 .text.pio_configure_pin
                0x00400ef8      0x120 src/ASF/sam/drivers/pio/pio.o
                0x00400ef8                pio_configure_pin
 .text.pio_configure_pin_group
                0x00401018       0xd8 src/ASF/sam/drivers/pio/pio.o
                0x00401018                pio_configure_pin_group
 .text.pio_handler_process
                0x004010f0       0x68 src/ASF/sam/drivers/pio/pio_handler.o
                0x004010f0                pio_handler_process
 .text.pio_handler_set
                0x00401158       0x70 src/ASF/sam/drivers/pio/pio_handler.o
                0x00401158                pio_handler_set
 .text.PIOA_Handler
                0x004011c8       0x14 src/ASF/sam/drivers/pio/pio_handler.o
                0x004011c8                PIOA_Handler
 .text.PIOB_Handler
                0x004011dc       0x14 src/ASF/sam/drivers/pio/pio_handler.o
                0x004011dc                PIOB_Handler
 .text.PIOC_Handler
                0x004011f0       0x14 src/ASF/sam/drivers/pio/pio_handler.o
                0x004011f0                PIOC_Handler
 .text.pmc_switch_mck_to_pllack
                0x00401204       0x64 src/ASF/sam/drivers/pmc/pmc.o
                0x00401204                pmc_switch_mck_to_pllack
 .text.pmc_switch_mainck_to_xtal
                0x00401268       0x54 src/ASF/sam/drivers/pmc/pmc.o
                0x00401268                pmc_switch_mainck_to_xtal
 .text.pmc_osc_is_ready_mainck
                0x004012bc       0x10 src/ASF/sam/drivers/pmc/pmc.o
                0x004012bc                pmc_osc_is_ready_mainck
 .text.pmc_disable_pllack
                0x004012cc       0x10 src/ASF/sam/drivers/pmc/pmc.o
                0x004012cc                pmc_disable_pllack
 .text.pmc_is_locked_pllack
                0x004012dc       0x10 src/ASF/sam/drivers/pmc/pmc.o
                0x004012dc                pmc_is_locked_pllack
 .text.pmc_enable_periph_clk
                0x004012ec       0x54 src/ASF/sam/drivers/pmc/pmc.o
                0x004012ec                pmc_enable_periph_clk
 .text.uart_init
                0x00401340       0x36 src/ASF/sam/drivers/uart/uart.o
                0x00401340                uart_init
 .text.uart_write
                0x00401376       0x10 src/ASF/sam/drivers/uart/uart.o
                0x00401376                uart_write
 .text.uart_read
                0x00401386       0x12 src/ASF/sam/drivers/uart/uart.o
                0x00401386                uart_read
 .text.usart_write
                0x00401398       0x14 src/ASF/sam/drivers/usart/usart.o
                0x00401398                usart_write
 .text.usart_read
                0x004013ac       0x18 src/ASF/sam/drivers/usart/usart.o
                0x004013ac                usart_read
 .text.Dummy_Handler
                0x004013c4        0x2 src/ASF/sam/utils/cmsis/sam4s/source/templates/gcc/startup_sam4s.o
                0x004013c4                DACC_Handler
                0x004013c4                DebugMon_Handler
                0x004013c4                HardFault_Handler
                0x004013c4                TC2_Handler
                0x004013c4                SPI_Handler
                0x004013c4                SysTick_Handler
                0x004013c4                TWI1_Handler
                0x004013c4                PendSV_Handler
                0x004013c4                NMI_Handler
                0x004013c4                CRCCU_Handler
                0x004013c4                USART0_Handler
                0x004013c4                RTT_Handler
                0x004013c4                EFC1_Handler
                0x004013c4                RTC_Handler
                0x004013c4                UsageFault_Handler
                0x004013c4                WDT_Handler
                0x004013c4                TC4_Handler
                0x004013c4                TC1_Handler
                0x004013c4                HSMCI_Handler
                0x004013c4                UART1_Handler
                0x004013c4                TC3_Handler
                0x004013c4                Dummy_Handler
                0x004013c4                TWI0_Handler
                0x004013c4                USART1_Handler
                0x004013c4                SSC_Handler
                0x004013c4                EFC0_Handler
                0x004013c4                ACC_Handler
                0x004013c4                PMC_Handler
                0x004013c4                PWM_Handler
                0x004013c4                MemManage_Handler
                0x004013c4                SUPC_Handler
                0x004013c4                SVC_Handler
                0x004013c4                UART0_Handler
                0x004013c4                UDP_Handler
                0x004013c4                BusFault_Handler
                0x004013c4                RSTC_Handler
                0x004013c4                TC5_Handler
 *fill*         0x004013c6        0x2 
 .text.Reset_Handler
                0x004013c8       0xac src/ASF/sam/utils/cmsis/sam4s/source/templates/gcc/startup_sam4s.o
                0x004013c8                Reset_Handler
 .text.SystemCoreClockUpdate
                0x00401474      0x110 src/ASF/sam/utils/cmsis/sam4s/source/templates/system_sam4s.o
                0x00401474                SystemCoreClockUpdate
 .text.system_init_flash
                0x00401584       0x94 src/ASF/sam/utils/cmsis/sam4s/source/templates/system_sam4s.o
                0x00401584                system_init_flash
 .text._sbrk    0x00401618       0x38 src/ASF/sam/utils/syscalls/gcc/syscalls.o
                0x00401618                _sbrk
 .text._close   0x00401650        0x6 src/ASF/sam/utils/syscalls/gcc/syscalls.o
                0x00401650                _close
 .text._fstat   0x00401656        0xa src/ASF/sam/utils/syscalls/gcc/syscalls.o
                0x00401656                _fstat
 .text._isatty  0x00401660        0x4 src/ASF/sam/utils/syscalls/gcc/syscalls.o
                0x00401660                _isatty
 .text._lseek   0x00401664        0x4 src/ASF/sam/utils/syscalls/gcc/syscalls.o
                0x00401664                _lseek
 .text.usart_serial_getchar
                0x00401668       0x88 src/main.o
 .text.usart_serial_putchar
                0x004016f0       0x80 src/main.o
 .text.configure_lcd
                0x00401770       0xc0 src/main.o
                0x00401770                configure_lcd
 .text.PWM_init
                0x00401830       0x48 src/main.o
                0x00401830                PWM_init
 .text.UART_init
                0x00401878       0x98 src/main.o
                0x00401878                UART_init
 .text.presence_cfg
                0x00401910       0x54 src/main.o
                0x00401910                presence_cfg
 .text.configure_adc
                0x00401964       0x7c src/main.o
                0x00401964                configure_adc
 .text.main     0x004019e0      0x120 src/main.o
                0x004019e0                main
 .text.bomba_control
                0x00401b00       0x54 src/main.o
                0x00401b00                bomba_control
 .text.ADC_Handler
                0x00401b54       0x60 src/main.o
                0x00401b54                ADC_Handler
 .text.bluetooth_update
                0x00401bb4       0x84 src/main.o
                0x00401bb4                bluetooth_update
 .text.presence_interrupt
                0x00401c38       0x20 src/main.o
                0x00401c38                presence_interrupt
 .text.display_update
                0x00401c58      0x104 src/main.o
                0x00401c58                display_update
 .text.TC0_Handler
                0x00401d5c       0xe8 src/main.o
                0x00401d5c                TC0_Handler
 .text.__libc_init_array
                0x00401e44       0x50 c:/program files (x86)/atmel/studio/7.0/toolchain/arm/arm-gnu-toolchain/bin/../lib/gcc/arm-none-eabi/6.3.1/../../../../arm-none-eabi/lib/thumb/v7e-m\libc.a(lib_a-init.o)
                0x00401e44                __libc_init_array
 .text.iprintf  0x00401e94       0x28 c:/program files (x86)/atmel/studio/7.0/toolchain/arm/arm-gnu-toolchain/bin/../lib/gcc/arm-none-eabi/6.3.1/../../../../arm-none-eabi/lib/thumb/v7e-m\libc.a(lib_a-iprintf.o)
                0x00401e94                iprintf
 .text.memset   0x00401ebc       0x9c c:/program files (x86)/atmel/studio/7.0/toolchain/arm/arm-gnu-toolchain/bin/../lib/gcc/arm-none-eabi/6.3.1/../../../../arm-none-eabi/lib/thumb/v7e-m\libc.a(lib_a-memset.o)
                0x00401ebc                memset
 .text.setbuf   0x00401f58       0x10 c:/program files (x86)/atmel/studio/7.0/toolchain/arm/arm-gnu-toolchain/bin/../lib/gcc/arm-none-eabi/6.3.1/../../../../arm-none-eabi/lib/thumb/v7e-m\libc.a(lib_a-setbuf.o)
                0x00401f58                setbuf
 .text.setvbuf  0x00401f68      0x190 c:/program files (x86)/atmel/studio/7.0/toolchain/arm/arm-gnu-toolchain/bin/../lib/gcc/arm-none-eabi/6.3.1/../../../../arm-none-eabi/lib/thumb/v7e-m\libc.a(lib_a-setvbuf.o)
                0x00401f68                setvbuf
 .text.sprintf  0x004020f8       0x4c c:/program files (x86)/atmel/studio/7.0/toolchain/arm/arm-gnu-toolchain/bin/../lib/gcc/arm-none-eabi/6.3.1/../../../../arm-none-eabi/lib/thumb/v7e-m\libc.a(lib_a-sprintf.o)
                0x004020f8                sprintf
 *fill*         0x00402144       0x3c 
 .text          0x00402180       0xdc c:/program files (x86)/atmel/studio/7.0/toolchain/arm/arm-gnu-toolchain/bin/../lib/gcc/arm-none-eabi/6.3.1/../../../../arm-none-eabi/lib/thumb/v7e-m\libc.a(lib_a-strlen.o)
                0x00402180                strlen
 .text._svfprintf_r
                0x0040225c     0x145c c:/program files (x86)/atmel/studio/7.0/toolchain/arm/arm-gnu-toolchain/bin/../lib/gcc/arm-none-eabi/6.3.1/../../../../arm-none-eabi/lib/thumb/v7e-m\libc.a(lib_a-svfprintf.o)
                0x0040225c                _svfprintf_r
 .text.__sprint_r.part.0
                0x004036b8       0x80 c:/program files (x86)/atmel/studio/7.0/toolchain/arm/arm-gnu-toolchain/bin/../lib/gcc/arm-none-eabi/6.3.1/../../../../arm-none-eabi/lib/thumb/v7e-m\libc.a(lib_a-vfiprintf.o)
 .text._vfiprintf_r
                0x00403738      0xc90 c:/program files (x86)/atmel/studio/7.0/toolchain/arm/arm-gnu-toolchain/bin/../lib/gcc/arm-none-eabi/6.3.1/../../../../arm-none-eabi/lib/thumb/v7e-m\libc.a(lib_a-vfiprintf.o)
                0x00403738                _vfiprintf_r
 .text.__sbprintf
                0x004043c8       0x84 c:/program files (x86)/atmel/studio/7.0/toolchain/arm/arm-gnu-toolchain/bin/../lib/gcc/arm-none-eabi/6.3.1/../../../../arm-none-eabi/lib/thumb/v7e-m\libc.a(lib_a-vfiprintf.o)
 .text.__swsetup_r
                0x0040444c       0xc8 c:/program files (x86)/atmel/studio/7.0/toolchain/arm/arm-gnu-toolchain/bin/../lib/gcc/arm-none-eabi/6.3.1/../../../../arm-none-eabi/lib/thumb/v7e-m\libc.a(lib_a-wsetup.o)
                0x0040444c                __swsetup_r
 .text.startup.register_fini
                0x00404514       0x14 c:/program files (x86)/atmel/studio/7.0/toolchain/arm/arm-gnu-toolchain/bin/../lib/gcc/arm-none-eabi/6.3.1/../../../../arm-none-eabi/lib/thumb/v7e-m\libc.a(lib_a-__call_atexit.o)
 .text.atexit   0x00404528        0xc c:/program files (x86)/atmel/studio/7.0/toolchain/arm/arm-gnu-toolchain/bin/../lib/gcc/arm-none-eabi/6.3.1/../../../../arm-none-eabi/lib/thumb/v7e-m\libc.a(lib_a-atexit.o)
                0x00404528                atexit
 .text.quorem   0x00404534      0x128 c:/program files (x86)/atmel/studio/7.0/toolchain/arm/arm-gnu-toolchain/bin/../lib/gcc/arm-none-eabi/6.3.1/../../../../arm-none-eabi/lib/thumb/v7e-m\libc.a(lib_a-dtoa.o)
 *fill*         0x0040465c        0x4 
 .text._dtoa_r  0x00404660      0xe54 c:/program files (x86)/atmel/studio/7.0/toolchain/arm/arm-gnu-toolchain/bin/../lib/gcc/arm-none-eabi/6.3.1/../../../../arm-none-eabi/lib/thumb/v7e-m\libc.a(lib_a-dtoa.o)
                0x00404660                _dtoa_r
 .text.__sflush_r
                0x004054b4      0x140 c:/program files (x86)/atmel/studio/7.0/toolchain/arm/arm-gnu-toolchain/bin/../lib/gcc/arm-none-eabi/6.3.1/../../../../arm-none-eabi/lib/thumb/v7e-m\libc.a(lib_a-fflush.o)
                0x004054b4                __sflush_r
 .text._fflush_r
                0x004055f4       0x54 c:/program files (x86)/atmel/studio/7.0/toolchain/arm/arm-gnu-toolchain/bin/../lib/gcc/arm-none-eabi/6.3.1/../../../../arm-none-eabi/lib/thumb/v7e-m\libc.a(lib_a-fflush.o)
                0x004055f4                _fflush_r
 .text._cleanup_r
                0x00405648        0xc c:/program files (x86)/atmel/studio/7.0/toolchain/arm/arm-gnu-toolchain/bin/../lib/gcc/arm-none-eabi/6.3.1/../../../../arm-none-eabi/lib/thumb/v7e-m\libc.a(lib_a-findfp.o)
                0x00405648                _cleanup_r
 .text.std.isra.0
                0x00405654       0x50 c:/program files (x86)/atmel/studio/7.0/toolchain/arm/arm-gnu-toolchain/bin/../lib/gcc/arm-none-eabi/6.3.1/../../../../arm-none-eabi/lib/thumb/v7e-m\libc.a(lib_a-findfp.o)
 .text.__sinit  0x004056a4       0x58 c:/program files (x86)/atmel/studio/7.0/toolchain/arm/arm-gnu-toolchain/bin/../lib/gcc/arm-none-eabi/6.3.1/../../../../arm-none-eabi/lib/thumb/v7e-m\libc.a(lib_a-findfp.o)
                0x004056a4                __sinit
 .text.__sfp_lock_acquire
                0x004056fc        0xc c:/program files (x86)/atmel/studio/7.0/toolchain/arm/arm-gnu-toolchain/bin/../lib/gcc/arm-none-eabi/6.3.1/../../../../arm-none-eabi/lib/thumb/v7e-m\libc.a(lib_a-findfp.o)
                0x004056fc                __sfp_lock_acquire
 .text.__sfp_lock_release
                0x00405708        0xc c:/program files (x86)/atmel/studio/7.0/toolchain/arm/arm-gnu-toolchain/bin/../lib/gcc/arm-none-eabi/6.3.1/../../../../arm-none-eabi/lib/thumb/v7e-m\libc.a(lib_a-findfp.o)
                0x00405708                __sfp_lock_release
 .text.__libc_fini_array
                0x00405714       0x34 c:/program files (x86)/atmel/studio/7.0/toolchain/arm/arm-gnu-toolchain/bin/../lib/gcc/arm-none-eabi/6.3.1/../../../../arm-none-eabi/lib/thumb/v7e-m\libc.a(lib_a-fini.o)
                0x00405714                __libc_fini_array
 .text.__fputwc
                0x00405748       0xa0 c:/program files (x86)/atmel/studio/7.0/toolchain/arm/arm-gnu-toolchain/bin/../lib/gcc/arm-none-eabi/6.3.1/../../../../arm-none-eabi/lib/thumb/v7e-m\libc.a(lib_a-fputwc.o)
                0x00405748                __fputwc
 .text._fputwc_r
                0x004057e8       0x68 c:/program files (x86)/atmel/studio/7.0/toolchain/arm/arm-gnu-toolchain/bin/../lib/gcc/arm-none-eabi/6.3.1/../../../../arm-none-eabi/lib/thumb/v7e-m\libc.a(lib_a-fputwc.o)
                0x004057e8                _fputwc_r
 .text._malloc_trim_r
                0x00405850       0xa0 c:/program files (x86)/atmel/studio/7.0/toolchain/arm/arm-gnu-toolchain/bin/../lib/gcc/arm-none-eabi/6.3.1/../../../../arm-none-eabi/lib/thumb/v7e-m\libc.a(lib_a-freer.o)
                0x00405850                _malloc_trim_r
 .text._free_r  0x004058f0      0x1cc c:/program files (x86)/atmel/studio/7.0/toolchain/arm/arm-gnu-toolchain/bin/../lib/gcc/arm-none-eabi/6.3.1/../../../../arm-none-eabi/lib/thumb/v7e-m\libc.a(lib_a-freer.o)
                0x004058f0                _free_r
 .text.__sfvwrite_r
                0x00405abc      0x2f0 c:/program files (x86)/atmel/studio/7.0/toolchain/arm/arm-gnu-toolchain/bin/../lib/gcc/arm-none-eabi/6.3.1/../../../../arm-none-eabi/lib/thumb/v7e-m\libc.a(lib_a-fvwrite.o)
                0x00405abc                __sfvwrite_r
 .text._fwalk_reent
                0x00405dac       0x54 c:/program files (x86)/atmel/studio/7.0/toolchain/arm/arm-gnu-toolchain/bin/../lib/gcc/arm-none-eabi/6.3.1/../../../../arm-none-eabi/lib/thumb/v7e-m\libc.a(lib_a-fwalk.o)
                0x00405dac                _fwalk_reent
 .text.__locale_mb_cur_max
                0x00405e00       0x1c c:/program files (x86)/atmel/studio/7.0/toolchain/arm/arm-gnu-toolchain/bin/../lib/gcc/arm-none-eabi/6.3.1/../../../../arm-none-eabi/lib/thumb/v7e-m\libc.a(lib_a-locale.o)
                0x00405e00                __locale_mb_cur_max
 .text._localeconv_r
                0x00405e1c       0x1c c:/program files (x86)/atmel/studio/7.0/toolchain/arm/arm-gnu-toolchain/bin/../lib/gcc/arm-none-eabi/6.3.1/../../../../arm-none-eabi/lib/thumb/v7e-m\libc.a(lib_a-localeconv.o)
                0x00405e1c                _localeconv_r
 .text.__retarget_lock_init_recursive
                0x00405e38        0x4 c:/program files (x86)/atmel/studio/7.0/toolchain/arm/arm-gnu-toolchain/bin/../lib/gcc/arm-none-eabi/6.3.1/../../../../arm-none-eabi/lib/thumb/v7e-m\libc.a(lib_a-lock.o)
                0x00405e38                __retarget_lock_init_recursive
 .text.__retarget_lock_close_recursive
                0x00405e3c        0x4 c:/program files (x86)/atmel/studio/7.0/toolchain/arm/arm-gnu-toolchain/bin/../lib/gcc/arm-none-eabi/6.3.1/../../../../arm-none-eabi/lib/thumb/v7e-m\libc.a(lib_a-lock.o)
                0x00405e3c                __retarget_lock_close_recursive
 .text.__retarget_lock_acquire_recursive
                0x00405e40        0x4 c:/program files (x86)/atmel/studio/7.0/toolchain/arm/arm-gnu-toolchain/bin/../lib/gcc/arm-none-eabi/6.3.1/../../../../arm-none-eabi/lib/thumb/v7e-m\libc.a(lib_a-lock.o)
                0x00405e40                __retarget_lock_acquire_recursive
 .text.__retarget_lock_release_recursive
                0x00405e44        0x4 c:/program files (x86)/atmel/studio/7.0/toolchain/arm/arm-gnu-toolchain/bin/../lib/gcc/arm-none-eabi/6.3.1/../../../../arm-none-eabi/lib/thumb/v7e-m\libc.a(lib_a-lock.o)
                0x00405e44                __retarget_lock_release_recursive
 .text.__swhatbuf_r
                0x00405e48       0x5c c:/program files (x86)/atmel/studio/7.0/toolchain/arm/arm-gnu-toolchain/bin/../lib/gcc/arm-none-eabi/6.3.1/../../../../arm-none-eabi/lib/thumb/v7e-m\libc.a(lib_a-makebuf.o)
                0x00405e48                __swhatbuf_r
 .text.__smakebuf_r
                0x00405ea4       0x94 c:/program files (x86)/atmel/studio/7.0/toolchain/arm/arm-gnu-toolchain/bin/../lib/gcc/arm-none-eabi/6.3.1/../../../../arm-none-eabi/lib/thumb/v7e-m\libc.a(lib_a-makebuf.o)
                0x00405ea4                __smakebuf_r
 .text.malloc   0x00405f38       0x10 c:/program files (x86)/atmel/studio/7.0/toolchain/arm/arm-gnu-toolchain/bin/../lib/gcc/arm-none-eabi/6.3.1/../../../../arm-none-eabi/lib/thumb/v7e-m\libc.a(lib_a-malloc.o)
                0x00405f38                malloc
 .text._malloc_r
                0x00405f48      0x560 c:/program files (x86)/atmel/studio/7.0/toolchain/arm/arm-gnu-toolchain/bin/../lib/gcc/arm-none-eabi/6.3.1/../../../../arm-none-eabi/lib/thumb/v7e-m\libc.a(lib_a-mallocr.o)
                0x00405f48                _malloc_r
 .text.__ascii_mbtowc
                0x004064a8       0x2c c:/program files (x86)/atmel/studio/7.0/toolchain/arm/arm-gnu-toolchain/bin/../lib/gcc/arm-none-eabi/6.3.1/../../../../arm-none-eabi/lib/thumb/v7e-m\libc.a(lib_a-mbtowc_r.o)
                0x004064a8                __ascii_mbtowc
 *fill*         0x004064d4        0xc 
 .text          0x004064e0       0xa0 c:/program files (x86)/atmel/studio/7.0/toolchain/arm/arm-gnu-toolchain/bin/../lib/gcc/arm-none-eabi/6.3.1/../../../../arm-none-eabi/lib/thumb/v7e-m\libc.a(lib_a-memchr.o)
                0x004064e0                memchr
 .text          0x00406580      0x134 c:/program files (x86)/atmel/studio/7.0/toolchain/arm/arm-gnu-toolchain/bin/../lib/gcc/arm-none-eabi/6.3.1/../../../../arm-none-eabi/lib/thumb/v7e-m\libc.a(lib_a-memcpy.o)
                0x00406580                memcpy
 .text.memmove  0x004066b4       0xc8 c:/program files (x86)/atmel/studio/7.0/toolchain/arm/arm-gnu-toolchain/bin/../lib/gcc/arm-none-eabi/6.3.1/../../../../arm-none-eabi/lib/thumb/v7e-m\libc.a(lib_a-memmove.o)
                0x004066b4                memmove
 .text.__malloc_lock
                0x0040677c        0xc c:/program files (x86)/atmel/studio/7.0/toolchain/arm/arm-gnu-toolchain/bin/../lib/gcc/arm-none-eabi/6.3.1/../../../../arm-none-eabi/lib/thumb/v7e-m\libc.a(lib_a-mlock.o)
                0x0040677c                __malloc_lock
 .text.__malloc_unlock
                0x00406788        0xc c:/program files (x86)/atmel/studio/7.0/toolchain/arm/arm-gnu-toolchain/bin/../lib/gcc/arm-none-eabi/6.3.1/../../../../arm-none-eabi/lib/thumb/v7e-m\libc.a(lib_a-mlock.o)
                0x00406788                __malloc_unlock
 .text._Balloc  0x00406794       0x4c c:/program files (x86)/atmel/studio/7.0/toolchain/arm/arm-gnu-toolchain/bin/../lib/gcc/arm-none-eabi/6.3.1/../../../../arm-none-eabi/lib/thumb/v7e-m\libc.a(lib_a-mprec.o)
                0x00406794                _Balloc
 .text._Bfree   0x004067e0       0x14 c:/program files (x86)/atmel/studio/7.0/toolchain/arm/arm-gnu-toolchain/bin/../lib/gcc/arm-none-eabi/6.3.1/../../../../arm-none-eabi/lib/thumb/v7e-m\libc.a(lib_a-mprec.o)
                0x004067e0                _Bfree
 .text.__multadd
                0x004067f4       0x80 c:/program files (x86)/atmel/studio/7.0/toolchain/arm/arm-gnu-toolchain/bin/../lib/gcc/arm-none-eabi/6.3.1/../../../../arm-none-eabi/lib/thumb/v7e-m\libc.a(lib_a-mprec.o)
                0x004067f4                __multadd
 .text.__hi0bits
                0x00406874       0x40 c:/program files (x86)/atmel/studio/7.0/toolchain/arm/arm-gnu-toolchain/bin/../lib/gcc/arm-none-eabi/6.3.1/../../../../arm-none-eabi/lib/thumb/v7e-m\libc.a(lib_a-mprec.o)
                0x00406874                __hi0bits
 .text.__lo0bits
                0x004068b4       0x60 c:/program files (x86)/atmel/studio/7.0/toolchain/arm/arm-gnu-toolchain/bin/../lib/gcc/arm-none-eabi/6.3.1/../../../../arm-none-eabi/lib/thumb/v7e-m\libc.a(lib_a-mprec.o)
                0x004068b4                __lo0bits
 .text.__i2b    0x00406914       0x14 c:/program files (x86)/atmel/studio/7.0/toolchain/arm/arm-gnu-toolchain/bin/../lib/gcc/arm-none-eabi/6.3.1/../../../../arm-none-eabi/lib/thumb/v7e-m\libc.a(lib_a-mprec.o)
                0x00406914                __i2b
 .text.__multiply
                0x00406928      0x124 c:/program files (x86)/atmel/studio/7.0/toolchain/arm/arm-gnu-toolchain/bin/../lib/gcc/arm-none-eabi/6.3.1/../../../../arm-none-eabi/lib/thumb/v7e-m\libc.a(lib_a-mprec.o)
                0x00406928                __multiply
 .text.__pow5mult
                0x00406a4c       0xa0 c:/program files (x86)/atmel/studio/7.0/toolchain/arm/arm-gnu-toolchain/bin/../lib/gcc/arm-none-eabi/6.3.1/../../../../arm-none-eabi/lib/thumb/v7e-m\libc.a(lib_a-mprec.o)
                0x00406a4c                __pow5mult
 .text.__lshift
                0x00406aec       0xa4 c:/program files (x86)/atmel/studio/7.0/toolchain/arm/arm-gnu-toolchain/bin/../lib/gcc/arm-none-eabi/6.3.1/../../../../arm-none-eabi/lib/thumb/v7e-m\libc.a(lib_a-mprec.o)
                0x00406aec                __lshift
 .text.__mcmp   0x00406b90       0x38 c:/program files (x86)/atmel/studio/7.0/toolchain/arm/arm-gnu-toolchain/bin/../lib/gcc/arm-none-eabi/6.3.1/../../../../arm-none-eabi/lib/thumb/v7e-m\libc.a(lib_a-mprec.o)
                0x00406b90                __mcmp
 .text.__mdiff  0x00406bc8      0x108 c:/program files (x86)/atmel/studio/7.0/toolchain/arm/arm-gnu-toolchain/bin/../lib/gcc/arm-none-eabi/6.3.1/../../../../arm-none-eabi/lib/thumb/v7e-m\libc.a(lib_a-mprec.o)
                0x00406bc8                __mdiff
 .text.__d2b    0x00406cd0       0xb8 c:/program files (x86)/atmel/studio/7.0/toolchain/arm/arm-gnu-toolchain/bin/../lib/gcc/arm-none-eabi/6.3.1/../../../../arm-none-eabi/lib/thumb/v7e-m\libc.a(lib_a-mprec.o)
                0x00406cd0                __d2b
 .text._realloc_r
                0x00406d88      0x34c c:/program files (x86)/atmel/studio/7.0/toolchain/arm/arm-gnu-toolchain/bin/../lib/gcc/arm-none-eabi/6.3.1/../../../../arm-none-eabi/lib/thumb/v7e-m\libc.a(lib_a-reallocr.o)
                0x00406d88                _realloc_r
 .text._sbrk_r  0x004070d4       0x24 c:/program files (x86)/atmel/studio/7.0/toolchain/arm/arm-gnu-toolchain/bin/../lib/gcc/arm-none-eabi/6.3.1/../../../../arm-none-eabi/lib/thumb/v7e-m\libc.a(lib_a-sbrkr.o)
                0x004070d4                _sbrk_r
 .text.__sread  0x004070f8       0x24 c:/program files (x86)/atmel/studio/7.0/toolchain/arm/arm-gnu-toolchain/bin/../lib/gcc/arm-none-eabi/6.3.1/../../../../arm-none-eabi/lib/thumb/v7e-m\libc.a(lib_a-stdio.o)
                0x004070f8                __sread
 .text.__swrite
                0x0040711c       0x3c c:/program files (x86)/atmel/studio/7.0/toolchain/arm/arm-gnu-toolchain/bin/../lib/gcc/arm-none-eabi/6.3.1/../../../../arm-none-eabi/lib/thumb/v7e-m\libc.a(lib_a-stdio.o)
                0x0040711c                __swrite
 .text.__sseek  0x00407158       0x20 c:/program files (x86)/atmel/studio/7.0/toolchain/arm/arm-gnu-toolchain/bin/../lib/gcc/arm-none-eabi/6.3.1/../../../../arm-none-eabi/lib/thumb/v7e-m\libc.a(lib_a-stdio.o)
                0x00407158                __sseek
 .text.__sclose
                0x00407178        0x8 c:/program files (x86)/atmel/studio/7.0/toolchain/arm/arm-gnu-toolchain/bin/../lib/gcc/arm-none-eabi/6.3.1/../../../../arm-none-eabi/lib/thumb/v7e-m\libc.a(lib_a-stdio.o)
                0x00407178                __sclose
 .text.__ssprint_r
                0x00407180       0xfc c:/program files (x86)/atmel/studio/7.0/toolchain/arm/arm-gnu-toolchain/bin/../lib/gcc/arm-none-eabi/6.3.1/../../../../arm-none-eabi/lib/thumb/v7e-m\libc.a(lib_a-svfiprintf.o)
                0x00407180                __ssprint_r
 .text.__swbuf_r
                0x0040727c       0xb0 c:/program files (x86)/atmel/studio/7.0/toolchain/arm/arm-gnu-toolchain/bin/../lib/gcc/arm-none-eabi/6.3.1/../../../../arm-none-eabi/lib/thumb/v7e-m\libc.a(lib_a-wbuf.o)
                0x0040727c                __swbuf_r
 .text._wcrtomb_r
                0x0040732c       0x54 c:/program files (x86)/atmel/studio/7.0/toolchain/arm/arm-gnu-toolchain/bin/../lib/gcc/arm-none-eabi/6.3.1/../../../../arm-none-eabi/lib/thumb/v7e-m\libc.a(lib_a-wcrtomb.o)
                0x0040732c                _wcrtomb_r
 .text.__ascii_wctomb
                0x00407380       0x1c c:/program files (x86)/atmel/studio/7.0/toolchain/arm/arm-gnu-toolchain/bin/../lib/gcc/arm-none-eabi/6.3.1/../../../../arm-none-eabi/lib/thumb/v7e-m\libc.a(lib_a-wctomb_r.o)
                0x00407380                __ascii_wctomb
 .text._write_r
                0x0040739c       0x2c c:/program files (x86)/atmel/studio/7.0/toolchain/arm/arm-gnu-toolchain/bin/../lib/gcc/arm-none-eabi/6.3.1/../../../../arm-none-eabi/lib/thumb/v7e-m\libc.a(lib_a-writer.o)
                0x0040739c                _write_r
 .text.__register_exitproc
                0x004073c8       0xc4 c:/program files (x86)/atmel/studio/7.0/toolchain/arm/arm-gnu-toolchain/bin/../lib/gcc/arm-none-eabi/6.3.1/../../../../arm-none-eabi/lib/thumb/v7e-m\libc.a(lib_a-__atexit.o)
                0x004073c8                __register_exitproc
 .text._calloc_r
                0x0040748c       0x60 c:/program files (x86)/atmel/studio/7.0/toolchain/arm/arm-gnu-toolchain/bin/../lib/gcc/arm-none-eabi/6.3.1/../../../../arm-none-eabi/lib/thumb/v7e-m\libc.a(lib_a-callocr.o)
                0x0040748c                _calloc_r
 .text._close_r
                0x004074ec       0x24 c:/program files (x86)/atmel/studio/7.0/toolchain/arm/arm-gnu-toolchain/bin/../lib/gcc/arm-none-eabi/6.3.1/../../../../arm-none-eabi/lib/thumb/v7e-m\libc.a(lib_a-closer.o)
                0x004074ec                _close_r
 .text._fclose_r
                0x00407510       0xc4 c:/program files (x86)/atmel/studio/7.0/toolchain/arm/arm-gnu-toolchain/bin/../lib/gcc/arm-none-eabi/6.3.1/../../../../arm-none-eabi/lib/thumb/v7e-m\libc.a(lib_a-fclose.o)
                0x00407510                _fclose_r
 .text._fstat_r
                0x004075d4       0x28 c:/program files (x86)/atmel/studio/7.0/toolchain/arm/arm-gnu-toolchain/bin/../lib/gcc/arm-none-eabi/6.3.1/../../../../arm-none-eabi/lib/thumb/v7e-m\libc.a(lib_a-fstatr.o)
                0x004075d4                _fstat_r
 .text._isatty_r
                0x004075fc       0x24 c:/program files (x86)/atmel/studio/7.0/toolchain/arm/arm-gnu-toolchain/bin/../lib/gcc/arm-none-eabi/6.3.1/../../../../arm-none-eabi/lib/thumb/v7e-m\libc.a(lib_a-isattyr.o)
                0x004075fc                _isatty_r
 .text._lseek_r
                0x00407620       0x2c c:/program files (x86)/atmel/studio/7.0/toolchain/arm/arm-gnu-toolchain/bin/../lib/gcc/arm-none-eabi/6.3.1/../../../../arm-none-eabi/lib/thumb/v7e-m\libc.a(lib_a-lseekr.o)
                0x00407620                _lseek_r
 .text._read_r  0x0040764c       0x2c c:/program files (x86)/atmel/studio/7.0/toolchain/arm/arm-gnu-toolchain/bin/../lib/gcc/arm-none-eabi/6.3.1/../../../../arm-none-eabi/lib/thumb/v7e-m\libc.a(lib_a-readr.o)
                0x0040764c                _read_r
 .text          0x00407678      0x370 c:/program files (x86)/atmel/studio/7.0/toolchain/arm/arm-gnu-toolchain/bin/../lib/gcc/arm-none-eabi/6.3.1/thumb/v7e-m\libgcc.a(_arm_addsubdf3.o)
                0x00407678                __aeabi_drsub
                0x00407680                __aeabi_dsub
                0x00407680                __subdf3
                0x00407684                __aeabi_dadd
                0x00407684                __adddf3
                0x004078fc                __floatunsidf
                0x004078fc                __aeabi_ui2d
                0x0040791c                __floatsidf
                0x0040791c                __aeabi_i2d
                0x00407940                __aeabi_f2d
                0x00407940                __extendsfdf2
                0x0040797c                __floatundidf
                0x0040797c                __aeabi_ul2d
                0x0040798c                __floatdidf
                0x0040798c                __aeabi_l2d
 .text          0x004079e8      0x424 c:/program files (x86)/atmel/studio/7.0/toolchain/arm/arm-gnu-toolchain/bin/../lib/gcc/arm-none-eabi/6.3.1/thumb/v7e-m\libgcc.a(_arm_muldivdf3.o)
                0x004079e8                __aeabi_dmul
                0x004079e8                __muldf3
                0x00407c3c                __divdf3
                0x00407c3c                __aeabi_ddiv
 .text          0x00407e0c      0x110 c:/program files (x86)/atmel/studio/7.0/toolchain/arm/arm-gnu-toolchain/bin/../lib/gcc/arm-none-eabi/6.3.1/thumb/v7e-m\libgcc.a(_arm_cmpdf2.o)
                0x00407e0c                __gtdf2
                0x00407e0c                __gedf2
                0x00407e14                __ltdf2
                0x00407e14                __ledf2
                0x00407e1c                __nedf2
                0x00407e1c                __eqdf2
                0x00407e1c                __cmpdf2
                0x00407e98                __aeabi_cdrcmple
                0x00407ea8                __aeabi_cdcmpeq
                0x00407ea8                __aeabi_cdcmple
                0x00407eb8                __aeabi_dcmpeq
                0x00407ecc                __aeabi_dcmplt
                0x00407ee0                __aeabi_dcmple
                0x00407ef4                __aeabi_dcmpge
                0x00407f08                __aeabi_dcmpgt
 .text          0x00407f1c       0x2c c:/program files (x86)/atmel/studio/7.0/toolchain/arm/arm-gnu-toolchain/bin/../lib/gcc/arm-none-eabi/6.3.1/thumb/v7e-m\libgcc.a(_arm_unorddf2.o)
                0x00407f1c                __unorddf2
                0x00407f1c                __aeabi_dcmpun
 .text          0x00407f48       0x50 c:/program files (x86)/atmel/studio/7.0/toolchain/arm/arm-gnu-toolchain/bin/../lib/gcc/arm-none-eabi/6.3.1/thumb/v7e-m\libgcc.a(_arm_fixdfsi.o)
                0x00407f48                __aeabi_d2iz
                0x00407f48                __fixdfsi
 .text          0x00407f98       0x30 c:/program files (x86)/atmel/studio/7.0/toolchain/arm/arm-gnu-toolchain/bin/../lib/gcc/arm-none-eabi/6.3.1/thumb/v7e-m\libgcc.a(_aeabi_uldivmod.o)
                0x00407f98                __aeabi_uldivmod
 .text          0x00407fc8      0x2dc c:/program files (x86)/atmel/studio/7.0/toolchain/arm/arm-gnu-toolchain/bin/../lib/gcc/arm-none-eabi/6.3.1/thumb/v7e-m\libgcc.a(_udivmoddi4.o)
                0x00407fc8                __udivmoddi4
 .text          0x004082a4        0x4 c:/program files (x86)/atmel/studio/7.0/toolchain/arm/arm-gnu-toolchain/bin/../lib/gcc/arm-none-eabi/6.3.1/thumb/v7e-m\libgcc.a(_dvmd_tls.o)
                0x004082a4                __aeabi_idiv0
                0x004082a4                __aeabi_ldiv0
 *(.glue_7t)
 .glue_7t       0x004082a8        0x0 linker stubs
 *(.glue_7)
 .glue_7        0x004082a8        0x0 linker stubs
 *(.rodata .rodata* .gnu.linkonce.r.*)
 .rodata.p_uc_charset10x14
                0x004082a8      0x780 src/ASF/sam/components/display/ili93xx/ili93xx.o
                0x004082a8                p_uc_charset10x14
 .rodata.LED_DESCRIPTOR
                0x00408a28       0x18 src/ASF/sam/boards/sam4s_ek2/led.o
 .rodata.bluetooth_update.str1.4
                0x00408a40       0x7d src/main.o
                                 0x82 (size before relaxing)
 *fill*         0x00408abd        0x3 
 .rodata.display_update.str1.4
                0x00408ac0       0x1c src/main.o
 .rodata.main.str1.4
                0x00408adc       0x6e src/main.o
 *fill*         0x00408b4a        0x2 
 .rodata._global_impure_ptr
                0x00408b4c        0x4 c:/program files (x86)/atmel/studio/7.0/toolchain/arm/arm-gnu-toolchain/bin/../lib/gcc/arm-none-eabi/6.3.1/../../../../arm-none-eabi/lib/thumb/v7e-m\libc.a(lib_a-impure.o)
                0x00408b4c                _global_impure_ptr
 .rodata._svfprintf_r.str1.4
                0x00408b50       0x42 c:/program files (x86)/atmel/studio/7.0/toolchain/arm/arm-gnu-toolchain/bin/../lib/gcc/arm-none-eabi/6.3.1/../../../../arm-none-eabi/lib/thumb/v7e-m\libc.a(lib_a-svfprintf.o)
 *fill*         0x00408b92        0x2 
 .rodata.blanks.7223
                0x00408b94       0x10 c:/program files (x86)/atmel/studio/7.0/toolchain/arm/arm-gnu-toolchain/bin/../lib/gcc/arm-none-eabi/6.3.1/../../../../arm-none-eabi/lib/thumb/v7e-m\libc.a(lib_a-svfprintf.o)
 .rodata.zeroes.7224
                0x00408ba4       0x10 c:/program files (x86)/atmel/studio/7.0/toolchain/arm/arm-gnu-toolchain/bin/../lib/gcc/arm-none-eabi/6.3.1/../../../../arm-none-eabi/lib/thumb/v7e-m\libc.a(lib_a-svfprintf.o)
 .rodata._vfiprintf_r.str1.4
                0x00408bb4       0x2f c:/program files (x86)/atmel/studio/7.0/toolchain/arm/arm-gnu-toolchain/bin/../lib/gcc/arm-none-eabi/6.3.1/../../../../arm-none-eabi/lib/thumb/v7e-m\libc.a(lib_a-vfiprintf.o)
 .rodata.blanks.7217
                0x00408bb4       0x10 c:/program files (x86)/atmel/studio/7.0/toolchain/arm/arm-gnu-toolchain/bin/../lib/gcc/arm-none-eabi/6.3.1/../../../../arm-none-eabi/lib/thumb/v7e-m\libc.a(lib_a-vfiprintf.o)
 .rodata.zeroes.7218
                0x00408bc4       0x10 c:/program files (x86)/atmel/studio/7.0/toolchain/arm/arm-gnu-toolchain/bin/../lib/gcc/arm-none-eabi/6.3.1/../../../../arm-none-eabi/lib/thumb/v7e-m\libc.a(lib_a-vfiprintf.o)
 .rodata._dtoa_r.str1.4
                0x00408bd4       0x10 c:/program files (x86)/atmel/studio/7.0/toolchain/arm/arm-gnu-toolchain/bin/../lib/gcc/arm-none-eabi/6.3.1/../../../../arm-none-eabi/lib/thumb/v7e-m\libc.a(lib_a-dtoa.o)
                                 0x12 (size before relaxing)
 .rodata._setlocale_r.str1.4
                0x00408be4        0xa c:/program files (x86)/atmel/studio/7.0/toolchain/arm/arm-gnu-toolchain/bin/../lib/gcc/arm-none-eabi/6.3.1/../../../../arm-none-eabi/lib/thumb/v7e-m\libc.a(lib_a-locale.o)
                                  0xd (size before relaxing)
 *fill*         0x00408bee        0x2 
 .rodata.str1.4
                0x00408bf0        0x4 c:/program files (x86)/atmel/studio/7.0/toolchain/arm/arm-gnu-toolchain/bin/../lib/gcc/arm-none-eabi/6.3.1/../../../../arm-none-eabi/lib/thumb/v7e-m\libc.a(lib_a-locale.o)
                                  0x2 (size before relaxing)
 *fill*         0x00408bf4        0x4 
 .rodata.__mprec_bigtens
                0x00408bf8       0x28 c:/program files (x86)/atmel/studio/7.0/toolchain/arm/arm-gnu-toolchain/bin/../lib/gcc/arm-none-eabi/6.3.1/../../../../arm-none-eabi/lib/thumb/v7e-m\libc.a(lib_a-mprec.o)
                0x00408bf8                __mprec_bigtens
 .rodata.__mprec_tens
                0x00408c20       0xc8 c:/program files (x86)/atmel/studio/7.0/toolchain/arm/arm-gnu-toolchain/bin/../lib/gcc/arm-none-eabi/6.3.1/../../../../arm-none-eabi/lib/thumb/v7e-m\libc.a(lib_a-mprec.o)
                0x00408c20                __mprec_tens
 .rodata.p05.6055
                0x00408ce8        0xc c:/program files (x86)/atmel/studio/7.0/toolchain/arm/arm-gnu-toolchain/bin/../lib/gcc/arm-none-eabi/6.3.1/../../../../arm-none-eabi/lib/thumb/v7e-m\libc.a(lib_a-mprec.o)
 .rodata._ctype_
                0x00408cf4      0x101 c:/program files (x86)/atmel/studio/7.0/toolchain/arm/arm-gnu-toolchain/bin/../lib/gcc/arm-none-eabi/6.3.1/../../../../arm-none-eabi/lib/thumb/v7e-m\libc.a(lib_a-ctype_.o)
                0x00408cf4                _ctype_
 *(.ARM.extab* .gnu.linkonce.armextab.*)
                0x00408df8                . = ALIGN (0x4)
 *fill*         0x00408df5        0x3 
 *(.init)
 .init          0x00408df8        0x4 c:/program files (x86)/atmel/studio/7.0/toolchain/arm/arm-gnu-toolchain/bin/../lib/gcc/arm-none-eabi/6.3.1/thumb/v7e-m/crti.o
                0x00408df8                _init
 .init          0x00408dfc        0x8 c:/program files (x86)/atmel/studio/7.0/toolchain/arm/arm-gnu-toolchain/bin/../lib/gcc/arm-none-eabi/6.3.1/thumb/v7e-m/crtn.o
                0x00408e04                . = ALIGN (0x4)
                0x00408e04                __preinit_array_start = .
 *(.preinit_array)
                0x00408e04                __preinit_array_end = .
                0x00408e04                . = ALIGN (0x4)
                0x00408e04                __init_array_start = .
 *(SORT(.init_array.*))
 .init_array.00000
                0x00408e04        0x4 c:/program files (x86)/atmel/studio/7.0/toolchain/arm/arm-gnu-toolchain/bin/../lib/gcc/arm-none-eabi/6.3.1/../../../../arm-none-eabi/lib/thumb/v7e-m\libc.a(lib_a-__call_atexit.o)
 *(.init_array)
 .init_array    0x00408e08        0x4 c:/program files (x86)/atmel/studio/7.0/toolchain/arm/arm-gnu-toolchain/bin/../lib/gcc/arm-none-eabi/6.3.1/thumb/v7e-m/crtbegin.o
                0x00408e0c                __init_array_end = .
                0x00408e0c                . = ALIGN (0x4)
 *crtbegin.o(.ctors)
 *(EXCLUDE_FILE(*crtend.o) .ctors)
 *(SORT(.ctors.*))
 *crtend.o(.ctors)
                0x00408e0c                . = ALIGN (0x4)
 *(.fini)
 .fini          0x00408e0c        0x4 c:/program files (x86)/atmel/studio/7.0/toolchain/arm/arm-gnu-toolchain/bin/../lib/gcc/arm-none-eabi/6.3.1/thumb/v7e-m/crti.o
                0x00408e0c                _fini
 .fini          0x00408e10        0x8 c:/program files (x86)/atmel/studio/7.0/toolchain/arm/arm-gnu-toolchain/bin/../lib/gcc/arm-none-eabi/6.3.1/thumb/v7e-m/crtn.o
                0x00408e18                . = ALIGN (0x4)
                0x00408e18                __fini_array_start = .
 *(.fini_array)
 .fini_array    0x00408e18        0x4 c:/program files (x86)/atmel/studio/7.0/toolchain/arm/arm-gnu-toolchain/bin/../lib/gcc/arm-none-eabi/6.3.1/thumb/v7e-m/crtbegin.o
 *(SORT(.fini_array.*))
                0x00408e1c                __fini_array_end = .
 *crtbegin.o(.dtors)
 *(EXCLUDE_FILE(*crtend.o) .dtors)
 *(SORT(.dtors.*))
 *crtend.o(.dtors)
                0x00408e1c                . = ALIGN (0x4)
                0x00408e1c                _efixed = .
                [!provide]                PROVIDE (__exidx_start, .)

.vfp11_veneer   0x00408e1c        0x0
 .vfp11_veneer  0x00408e1c        0x0 linker stubs

.v4_bx          0x00408e1c        0x0
 .v4_bx         0x00408e1c        0x0 linker stubs

.iplt           0x00408e1c        0x0
 .iplt          0x00408e1c        0x0 c:/program files (x86)/atmel/studio/7.0/toolchain/arm/arm-gnu-toolchain/bin/../lib/gcc/arm-none-eabi/6.3.1/thumb/v7e-m/crtbegin.o

.ARM.exidx      0x00408e1c        0x8
 *(.ARM.exidx* .gnu.linkonce.armexidx.*)
 .ARM.exidx     0x00408e1c        0x8 c:/program files (x86)/atmel/studio/7.0/toolchain/arm/arm-gnu-toolchain/bin/../lib/gcc/arm-none-eabi/6.3.1/thumb/v7e-m\libgcc.a(_udivmoddi4.o)
                [!provide]                PROVIDE (__exidx_end, .)

.eh_frame       0x00408e24        0x0
 .eh_frame      0x00408e24        0x0 c:/program files (x86)/atmel/studio/7.0/toolchain/arm/arm-gnu-toolchain/bin/../lib/gcc/arm-none-eabi/6.3.1/thumb/v7e-m/crtbegin.o

.rel.dyn        0x00408e24        0x0
 .rel.iplt      0x00408e24        0x0 c:/program files (x86)/atmel/studio/7.0/toolchain/arm/arm-gnu-toolchain/bin/../lib/gcc/arm-none-eabi/6.3.1/thumb/v7e-m/crtbegin.o

.jcr            0x00408e24        0x0
 .jcr           0x00408e24        0x0 c:/program files (x86)/atmel/studio/7.0/toolchain/arm/arm-gnu-toolchain/bin/../lib/gcc/arm-none-eabi/6.3.1/thumb/v7e-m/crtbegin.o

.igot.plt       0x00408e24        0x0
 .igot.plt      0x00408e24        0x0 c:/program files (x86)/atmel/studio/7.0/toolchain/arm/arm-gnu-toolchain/bin/../lib/gcc/arm-none-eabi/6.3.1/thumb/v7e-m/crtbegin.o
                0x00408e24                . = ALIGN (0x4)
                0x00408e24                _etext = .

.relocate       0x20000000      0x9c8 load address 0x00408e24
                0x20000000                . = ALIGN (0x4)
                0x20000000                _srelocate = .
 *(.ramfunc .ramfunc.*)
 *(.data .data.*)
 .data.g_ul_lcd_x_length
                0x20000000        0x4 src/ASF/sam/components/display/ili93xx/ili93xx.o
 .data.g_ul_lcd_y_length
                0x20000004        0x4 src/ASF/sam/components/display/ili93xx/ili93xx.o
 .data.SystemCoreClock
                0x20000008        0x4 src/ASF/sam/utils/cmsis/sam4s/source/templates/system_sam4s.o
                0x20000008                SystemCoreClock
 .data.usart_options.8744
                0x2000000c       0x10 src/main.o
 .data._impure_ptr
                0x2000001c        0x4 c:/program files (x86)/atmel/studio/7.0/toolchain/arm/arm-gnu-toolchain/bin/../lib/gcc/arm-none-eabi/6.3.1/../../../../arm-none-eabi/lib/thumb/v7e-m\libc.a(lib_a-impure.o)
                0x2000001c                _impure_ptr
 .data.impure_data
                0x20000020      0x428 c:/program files (x86)/atmel/studio/7.0/toolchain/arm/arm-gnu-toolchain/bin/../lib/gcc/arm-none-eabi/6.3.1/../../../../arm-none-eabi/lib/thumb/v7e-m\libc.a(lib_a-impure.o)
 .data.__atexit_recursive_mutex
                0x20000448        0x4 c:/program files (x86)/atmel/studio/7.0/toolchain/arm/arm-gnu-toolchain/bin/../lib/gcc/arm-none-eabi/6.3.1/../../../../arm-none-eabi/lib/thumb/v7e-m\libc.a(lib_a-__call_atexit.o)
                0x20000448                __atexit_recursive_mutex
 .data.__global_locale
                0x2000044c      0x16c c:/program files (x86)/atmel/studio/7.0/toolchain/arm/arm-gnu-toolchain/bin/../lib/gcc/arm-none-eabi/6.3.1/../../../../arm-none-eabi/lib/thumb/v7e-m\libc.a(lib_a-locale.o)
                0x2000044c                __global_locale
 .data.__malloc_av_
                0x200005b8      0x408 c:/program files (x86)/atmel/studio/7.0/toolchain/arm/arm-gnu-toolchain/bin/../lib/gcc/arm-none-eabi/6.3.1/../../../../arm-none-eabi/lib/thumb/v7e-m\libc.a(lib_a-mallocr.o)
                0x200005b8                __malloc_av_
 .data.__malloc_sbrk_base
                0x200009c0        0x4 c:/program files (x86)/atmel/studio/7.0/toolchain/arm/arm-gnu-toolchain/bin/../lib/gcc/arm-none-eabi/6.3.1/../../../../arm-none-eabi/lib/thumb/v7e-m\libc.a(lib_a-mallocr.o)
                0x200009c0                __malloc_sbrk_base
 .data.__malloc_trim_threshold
                0x200009c4        0x4 c:/program files (x86)/atmel/studio/7.0/toolchain/arm/arm-gnu-toolchain/bin/../lib/gcc/arm-none-eabi/6.3.1/../../../../arm-none-eabi/lib/thumb/v7e-m\libc.a(lib_a-mallocr.o)
                0x200009c4                __malloc_trim_threshold
                0x200009c8                . = ALIGN (0x4)
                0x200009c8                _erelocate = .

.bss            0x200009c8      0x504 load address 0x004097ec
                0x200009c8                . = ALIGN (0x4)
                0x200009c8                _sbss = .
                0x200009c8                _szero = .
 *(.bss .bss.*)
 .bss           0x200009c8       0x1c c:/program files (x86)/atmel/studio/7.0/toolchain/arm/arm-gnu-toolchain/bin/../lib/gcc/arm-none-eabi/6.3.1/thumb/v7e-m/crtbegin.o
 .bss.g_uc_device_type
                0x200009e4        0x1 src/ASF/sam/components/display/ili93xx/ili93xx.o
 *fill*         0x200009e5        0x3 
 .bss.g_ul_pixel_cache
                0x200009e8      0x3c0 src/ASF/sam/components/display/ili93xx/ili93xx.o
 .bss.gs_interrupt_sources
                0x20000da8       0x70 src/ASF/sam/drivers/pio/pio_handler.o
 .bss.gs_ul_nb_sources
                0x20000e18        0x4 src/ASF/sam/drivers/pio/pio_handler.o
 .bss.pio_capture_handler
                0x20000e1c        0x4 src/ASF/sam/drivers/pio/pio_handler.o
 .bss.heap.5297
                0x20000e20        0x4 src/ASF/sam/utils/syscalls/gcc/syscalls.o
 .bss.__malloc_current_mallinfo
                0x20000e24       0x28 c:/program files (x86)/atmel/studio/7.0/toolchain/arm/arm-gnu-toolchain/bin/../lib/gcc/arm-none-eabi/6.3.1/../../../../arm-none-eabi/lib/thumb/v7e-m\libc.a(lib_a-mallocr.o)
                0x20000e24                __malloc_current_mallinfo
 .bss.__malloc_max_sbrked_mem
                0x20000e4c        0x4 c:/program files (x86)/atmel/studio/7.0/toolchain/arm/arm-gnu-toolchain/bin/../lib/gcc/arm-none-eabi/6.3.1/../../../../arm-none-eabi/lib/thumb/v7e-m\libc.a(lib_a-mallocr.o)
                0x20000e4c                __malloc_max_sbrked_mem
 .bss.__malloc_max_total_mem
                0x20000e50        0x4 c:/program files (x86)/atmel/studio/7.0/toolchain/arm/arm-gnu-toolchain/bin/../lib/gcc/arm-none-eabi/6.3.1/../../../../arm-none-eabi/lib/thumb/v7e-m\libc.a(lib_a-mallocr.o)
                0x20000e50                __malloc_max_total_mem
 .bss.__malloc_top_pad
                0x20000e54        0x4 c:/program files (x86)/atmel/studio/7.0/toolchain/arm/arm-gnu-toolchain/bin/../lib/gcc/arm-none-eabi/6.3.1/../../../../arm-none-eabi/lib/thumb/v7e-m\libc.a(lib_a-mallocr.o)
                0x20000e54                __malloc_top_pad
 *(COMMON)
 COMMON         0x20000e58        0x4 src/ASF/common/utils/stdio/read.o
                0x20000e58                ptr_get
 COMMON         0x20000e5c        0x8 src/ASF/common/utils/stdio/write.o
                0x20000e5c                ptr_put
                0x20000e60                stdio_base
 COMMON         0x20000e64        0x4 src/ASF/sam/drivers/pio/pio.o
                0x20000e64                pio_capture_enable_flag
 COMMON         0x20000e68       0x3c src/main.o
                0x20000e68                uTimeSendBluetooth
                0x20000e6a                uCNTseg
                0x20000e6c                uBomba_Status
                0x20000e70                sPresence_sts
                0x20000e7a                uCNTpresence
                0x20000e7c                AuxStandBy
                0x20000e7e                uPresence_sts
                0x20000e80                duty_cycle_bomb
                0x20000e84                g_ili93xx_display_opt
                0x20000e94                Actual_Duty_Cycle
                0x20000e98                uCNTbmb
                0x20000e9a                uCNTsampl
                0x20000e9c                uTimePresence
                0x20000ea0                Actual_Humidity
 COMMON         0x20000ea4       0x21 c:/program files (x86)/atmel/studio/7.0/toolchain/arm/arm-gnu-toolchain/bin/../lib/gcc/arm-none-eabi/6.3.1/../../../../arm-none-eabi/lib/thumb/v7e-m\libc.a(lib_a-lock.o)
                0x20000ea4                __lock___atexit_recursive_mutex
                0x20000ea8                __lock___arc4random_mutex
                0x20000eac                __lock___env_recursive_mutex
                0x20000eb0                __lock___sinit_recursive_mutex
                0x20000eb4                __lock___malloc_recursive_mutex
                0x20000eb8                __lock___at_quick_exit_mutex
                0x20000ebc                __lock___dd_hash_mutex
                0x20000ec0                __lock___tz_mutex
                0x20000ec4                __lock___sfp_recursive_mutex
 *fill*         0x20000ec5        0x3 
 COMMON         0x20000ec8        0x4 c:/program files (x86)/atmel/studio/7.0/toolchain/arm/arm-gnu-toolchain/bin/../lib/gcc/arm-none-eabi/6.3.1/../../../../arm-none-eabi/lib/thumb/v7e-m\libc.a(lib_a-reent.o)
                0x20000ec8                errno
                0x20000ecc                . = ALIGN (0x4)
                0x20000ecc                _ebss = .
                0x20000ecc                _ezero = .

.stack          0x20000ecc     0x3004 load address 0x00409cf0
                0x20000ed0                . = ALIGN (0x8)
 *fill*         0x20000ecc        0x4 
                0x20000ed0                _sstack = .
                0x20003ed0                . = (. + __stack_size__)
 *fill*         0x20000ed0     0x3000 
                0x20003ed0                . = ALIGN (0x8)
                0x20003ed0                _estack = .
                0x20003ed0                . = ALIGN (0x4)
                0x20003ed0                _end = .
OUTPUT(SmartLittleBush.elf elf32-littlearm)

.ARM.attributes
                0x00000000       0x2a
 .ARM.attributes
                0x00000000       0x1e c:/program files (x86)/atmel/studio/7.0/toolchain/arm/arm-gnu-toolchain/bin/../lib/gcc/arm-none-eabi/6.3.1/thumb/v7e-m/crti.o
 .ARM.attributes
                0x0000001e       0x2e c:/program files (x86)/atmel/studio/7.0/toolchain/arm/arm-gnu-toolchain/bin/../lib/gcc/arm-none-eabi/6.3.1/thumb/v7e-m/crtbegin.o
 .ARM.attributes
                0x0000004c       0x33 src/ASF/common/utils/stdio/read.o
 .ARM.attributes
                0x0000007f       0x33 src/ASF/common/utils/stdio/write.o
 .ARM.attributes
                0x000000b2       0x33 src/ASF/sam/components/display/aat31xx/aat31xx.o
 .ARM.attributes
                0x000000e5       0x33 src/ASF/sam/components/display/ili93xx/ili93xx.o
 .ARM.attributes
                0x00000118       0x33 src/ASF/sam/drivers/adc/adc.o
 .ARM.attributes
                0x0000014b       0x33 src/ASF/sam/drivers/ebi/smc/smc.o
 .ARM.attributes
                0x0000017e       0x33 src/ASF/sam/drivers/tc/tc.o
 .ARM.attributes
                0x000001b1       0x33 src/ASF/common/services/clock/sam4s/sysclk.o
 .ARM.attributes
                0x000001e4       0x33 src/ASF/sam/boards/sam4s_ek2/init.o
 .ARM.attributes
                0x00000217       0x33 src/ASF/sam/boards/sam4s_ek2/led.o
 .ARM.attributes
                0x0000024a       0x33 src/ASF/sam/drivers/pio/pio.o
 .ARM.attributes
                0x0000027d       0x33 src/ASF/sam/drivers/pio/pio_handler.o
 .ARM.attributes
                0x000002b0       0x33 src/ASF/sam/drivers/pmc/pmc.o
 .ARM.attributes
                0x000002e3       0x33 src/ASF/sam/drivers/uart/uart.o
 .ARM.attributes
                0x00000316       0x33 src/ASF/sam/drivers/usart/usart.o
 .ARM.attributes
                0x00000349       0x33 src/ASF/sam/utils/cmsis/sam4s/source/templates/gcc/startup_sam4s.o
 .ARM.attributes
                0x0000037c       0x33 src/ASF/sam/utils/cmsis/sam4s/source/templates/system_sam4s.o
 .ARM.attributes
                0x000003af       0x33 src/ASF/sam/utils/syscalls/gcc/syscalls.o
 .ARM.attributes
                0x000003e2       0x33 src/main.o
 .ARM.attributes
                0x00000415       0x2e c:/program files (x86)/atmel/studio/7.0/toolchain/arm/arm-gnu-toolchain/bin/../lib/gcc/arm-none-eabi/6.3.1/../../../../arm-none-eabi/lib/thumb/v7e-m\libc.a(lib_a-impure.o)
 .ARM.attributes
                0x00000443       0x2e c:/program files (x86)/atmel/studio/7.0/toolchain/arm/arm-gnu-toolchain/bin/../lib/gcc/arm-none-eabi/6.3.1/../../../../arm-none-eabi/lib/thumb/v7e-m\libc.a(lib_a-init.o)
 .ARM.attributes
                0x00000471       0x2e c:/program files (x86)/atmel/studio/7.0/toolchain/arm/arm-gnu-toolchain/bin/../lib/gcc/arm-none-eabi/6.3.1/../../../../arm-none-eabi/lib/thumb/v7e-m\libc.a(lib_a-iprintf.o)
 .ARM.attributes
                0x0000049f       0x2e c:/program files (x86)/atmel/studio/7.0/toolchain/arm/arm-gnu-toolchain/bin/../lib/gcc/arm-none-eabi/6.3.1/../../../../arm-none-eabi/lib/thumb/v7e-m\libc.a(lib_a-memset.o)
 .ARM.attributes
                0x000004cd       0x2e c:/program files (x86)/atmel/studio/7.0/toolchain/arm/arm-gnu-toolchain/bin/../lib/gcc/arm-none-eabi/6.3.1/../../../../arm-none-eabi/lib/thumb/v7e-m\libc.a(lib_a-setbuf.o)
 .ARM.attributes
                0x000004fb       0x2e c:/program files (x86)/atmel/studio/7.0/toolchain/arm/arm-gnu-toolchain/bin/../lib/gcc/arm-none-eabi/6.3.1/../../../../arm-none-eabi/lib/thumb/v7e-m\libc.a(lib_a-setvbuf.o)
 .ARM.attributes
                0x00000529       0x2e c:/program files (x86)/atmel/studio/7.0/toolchain/arm/arm-gnu-toolchain/bin/../lib/gcc/arm-none-eabi/6.3.1/../../../../arm-none-eabi/lib/thumb/v7e-m\libc.a(lib_a-sprintf.o)
 .ARM.attributes
                0x00000557       0x1c c:/program files (x86)/atmel/studio/7.0/toolchain/arm/arm-gnu-toolchain/bin/../lib/gcc/arm-none-eabi/6.3.1/../../../../arm-none-eabi/lib/thumb/v7e-m\libc.a(lib_a-strlen.o)
 .ARM.attributes
                0x00000573       0x2e c:/program files (x86)/atmel/studio/7.0/toolchain/arm/arm-gnu-toolchain/bin/../lib/gcc/arm-none-eabi/6.3.1/../../../../arm-none-eabi/lib/thumb/v7e-m\libc.a(lib_a-svfprintf.o)
 .ARM.attributes
                0x000005a1       0x2e c:/program files (x86)/atmel/studio/7.0/toolchain/arm/arm-gnu-toolchain/bin/../lib/gcc/arm-none-eabi/6.3.1/../../../../arm-none-eabi/lib/thumb/v7e-m\libc.a(lib_a-vfiprintf.o)
 .ARM.attributes
                0x000005cf       0x2e c:/program files (x86)/atmel/studio/7.0/toolchain/arm/arm-gnu-toolchain/bin/../lib/gcc/arm-none-eabi/6.3.1/../../../../arm-none-eabi/lib/thumb/v7e-m\libc.a(lib_a-wsetup.o)
 .ARM.attributes
                0x000005fd       0x2e c:/program files (x86)/atmel/studio/7.0/toolchain/arm/arm-gnu-toolchain/bin/../lib/gcc/arm-none-eabi/6.3.1/../../../../arm-none-eabi/lib/thumb/v7e-m\libc.a(lib_a-__call_atexit.o)
 .ARM.attributes
                0x0000062b       0x2e c:/program files (x86)/atmel/studio/7.0/toolchain/arm/arm-gnu-toolchain/bin/../lib/gcc/arm-none-eabi/6.3.1/../../../../arm-none-eabi/lib/thumb/v7e-m\libc.a(lib_a-atexit.o)
 .ARM.attributes
                0x00000659       0x2e c:/program files (x86)/atmel/studio/7.0/toolchain/arm/arm-gnu-toolchain/bin/../lib/gcc/arm-none-eabi/6.3.1/../../../../arm-none-eabi/lib/thumb/v7e-m\libc.a(lib_a-dtoa.o)
 .ARM.attributes
                0x00000687       0x2e c:/program files (x86)/atmel/studio/7.0/toolchain/arm/arm-gnu-toolchain/bin/../lib/gcc/arm-none-eabi/6.3.1/../../../../arm-none-eabi/lib/thumb/v7e-m\libc.a(lib_a-fflush.o)
 .ARM.attributes
                0x000006b5       0x2e c:/program files (x86)/atmel/studio/7.0/toolchain/arm/arm-gnu-toolchain/bin/../lib/gcc/arm-none-eabi/6.3.1/../../../../arm-none-eabi/lib/thumb/v7e-m\libc.a(lib_a-findfp.o)
 .ARM.attributes
                0x000006e3       0x2e c:/program files (x86)/atmel/studio/7.0/toolchain/arm/arm-gnu-toolchain/bin/../lib/gcc/arm-none-eabi/6.3.1/../../../../arm-none-eabi/lib/thumb/v7e-m\libc.a(lib_a-fini.o)
 .ARM.attributes
                0x00000711       0x2e c:/program files (x86)/atmel/studio/7.0/toolchain/arm/arm-gnu-toolchain/bin/../lib/gcc/arm-none-eabi/6.3.1/../../../../arm-none-eabi/lib/thumb/v7e-m\libc.a(lib_a-fputwc.o)
 .ARM.attributes
                0x0000073f       0x2e c:/program files (x86)/atmel/studio/7.0/toolchain/arm/arm-gnu-toolchain/bin/../lib/gcc/arm-none-eabi/6.3.1/../../../../arm-none-eabi/lib/thumb/v7e-m\libc.a(lib_a-freer.o)
 .ARM.attributes
                0x0000076d       0x2e c:/program files (x86)/atmel/studio/7.0/toolchain/arm/arm-gnu-toolchain/bin/../lib/gcc/arm-none-eabi/6.3.1/../../../../arm-none-eabi/lib/thumb/v7e-m\libc.a(lib_a-fvwrite.o)
 .ARM.attributes
                0x0000079b       0x2e c:/program files (x86)/atmel/studio/7.0/toolchain/arm/arm-gnu-toolchain/bin/../lib/gcc/arm-none-eabi/6.3.1/../../../../arm-none-eabi/lib/thumb/v7e-m\libc.a(lib_a-fwalk.o)
 .ARM.attributes
                0x000007c9       0x2e c:/program files (x86)/atmel/studio/7.0/toolchain/arm/arm-gnu-toolchain/bin/../lib/gcc/arm-none-eabi/6.3.1/../../../../arm-none-eabi/lib/thumb/v7e-m\libc.a(lib_a-locale.o)
 .ARM.attributes
                0x000007f7       0x2e c:/program files (x86)/atmel/studio/7.0/toolchain/arm/arm-gnu-toolchain/bin/../lib/gcc/arm-none-eabi/6.3.1/../../../../arm-none-eabi/lib/thumb/v7e-m\libc.a(lib_a-localeconv.o)
 .ARM.attributes
                0x00000825       0x2e c:/program files (x86)/atmel/studio/7.0/toolchain/arm/arm-gnu-toolchain/bin/../lib/gcc/arm-none-eabi/6.3.1/../../../../arm-none-eabi/lib/thumb/v7e-m\libc.a(lib_a-lock.o)
 .ARM.attributes
                0x00000853       0x2e c:/program files (x86)/atmel/studio/7.0/toolchain/arm/arm-gnu-toolchain/bin/../lib/gcc/arm-none-eabi/6.3.1/../../../../arm-none-eabi/lib/thumb/v7e-m\libc.a(lib_a-makebuf.o)
 .ARM.attributes
                0x00000881       0x2e c:/program files (x86)/atmel/studio/7.0/toolchain/arm/arm-gnu-toolchain/bin/../lib/gcc/arm-none-eabi/6.3.1/../../../../arm-none-eabi/lib/thumb/v7e-m\libc.a(lib_a-malloc.o)
 .ARM.attributes
                0x000008af       0x2e c:/program files (x86)/atmel/studio/7.0/toolchain/arm/arm-gnu-toolchain/bin/../lib/gcc/arm-none-eabi/6.3.1/../../../../arm-none-eabi/lib/thumb/v7e-m\libc.a(lib_a-mallocr.o)
 .ARM.attributes
                0x000008dd       0x2e c:/program files (x86)/atmel/studio/7.0/toolchain/arm/arm-gnu-toolchain/bin/../lib/gcc/arm-none-eabi/6.3.1/../../../../arm-none-eabi/lib/thumb/v7e-m\libc.a(lib_a-mbtowc_r.o)
 .ARM.attributes
                0x0000090b       0x1c c:/program files (x86)/atmel/studio/7.0/toolchain/arm/arm-gnu-toolchain/bin/../lib/gcc/arm-none-eabi/6.3.1/../../../../arm-none-eabi/lib/thumb/v7e-m\libc.a(lib_a-memchr.o)
 .ARM.attributes
                0x00000927       0x1c c:/program files (x86)/atmel/studio/7.0/toolchain/arm/arm-gnu-toolchain/bin/../lib/gcc/arm-none-eabi/6.3.1/../../../../arm-none-eabi/lib/thumb/v7e-m\libc.a(lib_a-memcpy.o)
 .ARM.attributes
                0x00000943       0x2e c:/program files (x86)/atmel/studio/7.0/toolchain/arm/arm-gnu-toolchain/bin/../lib/gcc/arm-none-eabi/6.3.1/../../../../arm-none-eabi/lib/thumb/v7e-m\libc.a(lib_a-memmove.o)
 .ARM.attributes
                0x00000971       0x2e c:/program files (x86)/atmel/studio/7.0/toolchain/arm/arm-gnu-toolchain/bin/../lib/gcc/arm-none-eabi/6.3.1/../../../../arm-none-eabi/lib/thumb/v7e-m\libc.a(lib_a-mlock.o)
 .ARM.attributes
                0x0000099f       0x2e c:/program files (x86)/atmel/studio/7.0/toolchain/arm/arm-gnu-toolchain/bin/../lib/gcc/arm-none-eabi/6.3.1/../../../../arm-none-eabi/lib/thumb/v7e-m\libc.a(lib_a-mprec.o)
 .ARM.attributes
                0x000009cd       0x2e c:/program files (x86)/atmel/studio/7.0/toolchain/arm/arm-gnu-toolchain/bin/../lib/gcc/arm-none-eabi/6.3.1/../../../../arm-none-eabi/lib/thumb/v7e-m\libc.a(lib_a-reallocr.o)
 .ARM.attributes
                0x000009fb       0x2e c:/program files (x86)/atmel/studio/7.0/toolchain/arm/arm-gnu-toolchain/bin/../lib/gcc/arm-none-eabi/6.3.1/../../../../arm-none-eabi/lib/thumb/v7e-m\libc.a(lib_a-sbrkr.o)
 .ARM.attributes
                0x00000a29       0x2e c:/program files (x86)/atmel/studio/7.0/toolchain/arm/arm-gnu-toolchain/bin/../lib/gcc/arm-none-eabi/6.3.1/../../../../arm-none-eabi/lib/thumb/v7e-m\libc.a(lib_a-stdio.o)
 .ARM.attributes
                0x00000a57       0x2e c:/program files (x86)/atmel/studio/7.0/toolchain/arm/arm-gnu-toolchain/bin/../lib/gcc/arm-none-eabi/6.3.1/../../../../arm-none-eabi/lib/thumb/v7e-m\libc.a(lib_a-svfiprintf.o)
 .ARM.attributes
                0x00000a85       0x2e c:/program files (x86)/atmel/studio/7.0/toolchain/arm/arm-gnu-toolchain/bin/../lib/gcc/arm-none-eabi/6.3.1/../../../../arm-none-eabi/lib/thumb/v7e-m\libc.a(lib_a-wbuf.o)
 .ARM.attributes
                0x00000ab3       0x2e c:/program files (x86)/atmel/studio/7.0/toolchain/arm/arm-gnu-toolchain/bin/../lib/gcc/arm-none-eabi/6.3.1/../../../../arm-none-eabi/lib/thumb/v7e-m\libc.a(lib_a-wcrtomb.o)
 .ARM.attributes
                0x00000ae1       0x2e c:/program files (x86)/atmel/studio/7.0/toolchain/arm/arm-gnu-toolchain/bin/../lib/gcc/arm-none-eabi/6.3.1/../../../../arm-none-eabi/lib/thumb/v7e-m\libc.a(lib_a-wctomb_r.o)
 .ARM.attributes
                0x00000b0f       0x2e c:/program files (x86)/atmel/studio/7.0/toolchain/arm/arm-gnu-toolchain/bin/../lib/gcc/arm-none-eabi/6.3.1/../../../../arm-none-eabi/lib/thumb/v7e-m\libc.a(lib_a-writer.o)
 .ARM.attributes
                0x00000b3d       0x2e c:/program files (x86)/atmel/studio/7.0/toolchain/arm/arm-gnu-toolchain/bin/../lib/gcc/arm-none-eabi/6.3.1/../../../../arm-none-eabi/lib/thumb/v7e-m\libc.a(lib_a-__atexit.o)
 .ARM.attributes
                0x00000b6b       0x2e c:/program files (x86)/atmel/studio/7.0/toolchain/arm/arm-gnu-toolchain/bin/../lib/gcc/arm-none-eabi/6.3.1/../../../../arm-none-eabi/lib/thumb/v7e-m\libc.a(lib_a-callocr.o)
 .ARM.attributes
                0x00000b99       0x2e c:/program files (x86)/atmel/studio/7.0/toolchain/arm/arm-gnu-toolchain/bin/../lib/gcc/arm-none-eabi/6.3.1/../../../../arm-none-eabi/lib/thumb/v7e-m\libc.a(lib_a-closer.o)
 .ARM.attributes
                0x00000bc7       0x2e c:/program files (x86)/atmel/studio/7.0/toolchain/arm/arm-gnu-toolchain/bin/../lib/gcc/arm-none-eabi/6.3.1/../../../../arm-none-eabi/lib/thumb/v7e-m\libc.a(lib_a-ctype_.o)
 .ARM.attributes
                0x00000bf5       0x2e c:/program files (x86)/atmel/studio/7.0/toolchain/arm/arm-gnu-toolchain/bin/../lib/gcc/arm-none-eabi/6.3.1/../../../../arm-none-eabi/lib/thumb/v7e-m\libc.a(lib_a-fclose.o)
 .ARM.attributes
                0x00000c23       0x2e c:/program files (x86)/atmel/studio/7.0/toolchain/arm/arm-gnu-toolchain/bin/../lib/gcc/arm-none-eabi/6.3.1/../../../../arm-none-eabi/lib/thumb/v7e-m\libc.a(lib_a-fstatr.o)
 .ARM.attributes
                0x00000c51       0x2e c:/program files (x86)/atmel/studio/7.0/toolchain/arm/arm-gnu-toolchain/bin/../lib/gcc/arm-none-eabi/6.3.1/../../../../arm-none-eabi/lib/thumb/v7e-m\libc.a(lib_a-isattyr.o)
 .ARM.attributes
                0x00000c7f       0x2e c:/program files (x86)/atmel/studio/7.0/toolchain/arm/arm-gnu-toolchain/bin/../lib/gcc/arm-none-eabi/6.3.1/../../../../arm-none-eabi/lib/thumb/v7e-m\libc.a(lib_a-lseekr.o)
 .ARM.attributes
                0x00000cad       0x2e c:/program files (x86)/atmel/studio/7.0/toolchain/arm/arm-gnu-toolchain/bin/../lib/gcc/arm-none-eabi/6.3.1/../../../../arm-none-eabi/lib/thumb/v7e-m\libc.a(lib_a-readr.o)
 .ARM.attributes
                0x00000cdb       0x2e c:/program files (x86)/atmel/studio/7.0/toolchain/arm/arm-gnu-toolchain/bin/../lib/gcc/arm-none-eabi/6.3.1/../../../../arm-none-eabi/lib/thumb/v7e-m\libc.a(lib_a-reent.o)
 .ARM.attributes
                0x00000d09       0x1e c:/program files (x86)/atmel/studio/7.0/toolchain/arm/arm-gnu-toolchain/bin/../lib/gcc/arm-none-eabi/6.3.1/thumb/v7e-m\libgcc.a(_arm_addsubdf3.o)
 .ARM.attributes
                0x00000d27       0x1e c:/program files (x86)/atmel/studio/7.0/toolchain/arm/arm-gnu-toolchain/bin/../lib/gcc/arm-none-eabi/6.3.1/thumb/v7e-m\libgcc.a(_arm_muldivdf3.o)
 .ARM.attributes
                0x00000d45       0x1e c:/program files (x86)/atmel/studio/7.0/toolchain/arm/arm-gnu-toolchain/bin/../lib/gcc/arm-none-eabi/6.3.1/thumb/v7e-m\libgcc.a(_arm_cmpdf2.o)
 .ARM.attributes
                0x00000d63       0x1e c:/program files (x86)/atmel/studio/7.0/toolchain/arm/arm-gnu-toolchain/bin/../lib/gcc/arm-none-eabi/6.3.1/thumb/v7e-m\libgcc.a(_arm_unorddf2.o)
 .ARM.attributes
                0x00000d81       0x1e c:/program files (x86)/atmel/studio/7.0/toolchain/arm/arm-gnu-toolchain/bin/../lib/gcc/arm-none-eabi/6.3.1/thumb/v7e-m\libgcc.a(_arm_fixdfsi.o)
 .ARM.attributes
                0x00000d9f       0x1e c:/program files (x86)/atmel/studio/7.0/toolchain/arm/arm-gnu-toolchain/bin/../lib/gcc/arm-none-eabi/6.3.1/thumb/v7e-m\libgcc.a(_aeabi_uldivmod.o)
 .ARM.attributes
                0x00000dbd       0x2e c:/program files (x86)/atmel/studio/7.0/toolchain/arm/arm-gnu-toolchain/bin/../lib/gcc/arm-none-eabi/6.3.1/thumb/v7e-m\libgcc.a(_udivmoddi4.o)
 .ARM.attributes
                0x00000deb       0x1e c:/program files (x86)/atmel/studio/7.0/toolchain/arm/arm-gnu-toolchain/bin/../lib/gcc/arm-none-eabi/6.3.1/thumb/v7e-m\libgcc.a(_dvmd_tls.o)
 .ARM.attributes
                0x00000e09       0x1e c:/program files (x86)/atmel/studio/7.0/toolchain/arm/arm-gnu-toolchain/bin/../lib/gcc/arm-none-eabi/6.3.1/thumb/v7e-m/crtn.o

.comment        0x00000000       0x59
 .comment       0x00000000       0x59 src/ASF/common/utils/stdio/read.o
                                 0x5a (size before relaxing)
 .comment       0x00000059       0x5a src/ASF/common/utils/stdio/write.o
 .comment       0x00000059       0x5a src/ASF/sam/components/display/aat31xx/aat31xx.o
 .comment       0x00000059       0x5a src/ASF/sam/components/display/ili93xx/ili93xx.o
 .comment       0x00000059       0x5a src/ASF/sam/drivers/adc/adc.o
 .comment       0x00000059       0x5a src/ASF/sam/drivers/ebi/smc/smc.o
 .comment       0x00000059       0x5a src/ASF/sam/drivers/tc/tc.o
 .comment       0x00000059       0x5a src/ASF/common/services/clock/sam4s/sysclk.o
 .comment       0x00000059       0x5a src/ASF/sam/boards/sam4s_ek2/init.o
 .comment       0x00000059       0x5a src/ASF/sam/boards/sam4s_ek2/led.o
 .comment       0x00000059       0x5a src/ASF/sam/drivers/pio/pio.o
 .comment       0x00000059       0x5a src/ASF/sam/drivers/pio/pio_handler.o
 .comment       0x00000059       0x5a src/ASF/sam/drivers/pmc/pmc.o
 .comment       0x00000059       0x5a src/ASF/sam/drivers/uart/uart.o
 .comment       0x00000059       0x5a src/ASF/sam/drivers/usart/usart.o
 .comment       0x00000059       0x5a src/ASF/sam/utils/cmsis/sam4s/source/templates/gcc/startup_sam4s.o
 .comment       0x00000059       0x5a src/ASF/sam/utils/cmsis/sam4s/source/templates/system_sam4s.o
 .comment       0x00000059       0x5a src/ASF/sam/utils/syscalls/gcc/syscalls.o
 .comment       0x00000059       0x5a src/main.o

.debug_info     0x00000000    0x19cb6
 .debug_info    0x00000000      0xac9 src/ASF/common/utils/stdio/read.o
 .debug_info    0x00000ac9      0xac6 src/ASF/common/utils/stdio/write.o
 .debug_info    0x0000158f     0x11b8 src/ASF/sam/components/display/aat31xx/aat31xx.o
 .debug_info    0x00002747     0x343e src/ASF/sam/components/display/ili93xx/ili93xx.o
 .debug_info    0x00005b85     0x1b44 src/ASF/sam/drivers/adc/adc.o
 .debug_info    0x000076c9      0xcee src/ASF/sam/drivers/ebi/smc/smc.o
 .debug_info    0x000083b7     0x123f src/ASF/sam/drivers/tc/tc.o
 .debug_info    0x000095f6     0x10fa src/ASF/common/services/clock/sam4s/sysclk.o
 .debug_info    0x0000a6f0     0x1472 src/ASF/sam/boards/sam4s_ek2/init.o
 .debug_info    0x0000bb62      0xb41 src/ASF/sam/boards/sam4s_ek2/led.o
 .debug_info    0x0000c6a3     0x221d src/ASF/sam/drivers/pio/pio.o
 .debug_info    0x0000e8c0     0x18e2 src/ASF/sam/drivers/pio/pio_handler.o
 .debug_info    0x000101a2     0x1a1d src/ASF/sam/drivers/pmc/pmc.o
 .debug_info    0x00011bbf     0x1178 src/ASF/sam/drivers/uart/uart.o
 .debug_info    0x00012d37     0x2060 src/ASF/sam/drivers/usart/usart.o
 .debug_info    0x00014d97      0x6eb src/ASF/sam/utils/cmsis/sam4s/source/templates/gcc/startup_sam4s.o
 .debug_info    0x00015482      0x458 src/ASF/sam/utils/cmsis/sam4s/source/templates/system_sam4s.o
 .debug_info    0x000158da      0xdb0 src/ASF/sam/utils/syscalls/gcc/syscalls.o
 .debug_info    0x0001668a     0x362c src/main.o

.debug_abbrev   0x00000000     0x34a3
 .debug_abbrev  0x00000000      0x1fe src/ASF/common/utils/stdio/read.o
 .debug_abbrev  0x000001fe      0x1e9 src/ASF/common/utils/stdio/write.o
 .debug_abbrev  0x000003e7      0x2cc src/ASF/sam/components/display/aat31xx/aat31xx.o
 .debug_abbrev  0x000006b3      0x447 src/ASF/sam/components/display/ili93xx/ili93xx.o
 .debug_abbrev  0x00000afa      0x337 src/ASF/sam/drivers/adc/adc.o
 .debug_abbrev  0x00000e31      0x205 src/ASF/sam/drivers/ebi/smc/smc.o
 .debug_abbrev  0x00001036      0x293 src/ASF/sam/drivers/tc/tc.o
 .debug_abbrev  0x000012c9      0x311 src/ASF/common/services/clock/sam4s/sysclk.o
 .debug_abbrev  0x000015da      0x26f src/ASF/sam/boards/sam4s_ek2/init.o
 .debug_abbrev  0x00001849      0x1f8 src/ASF/sam/boards/sam4s_ek2/led.o
 .debug_abbrev  0x00001a41      0x3ff src/ASF/sam/drivers/pio/pio.o
 .debug_abbrev  0x00001e40      0x368 src/ASF/sam/drivers/pio/pio_handler.o
 .debug_abbrev  0x000021a8      0x315 src/ASF/sam/drivers/pmc/pmc.o
 .debug_abbrev  0x000024bd      0x288 src/ASF/sam/drivers/uart/uart.o
 .debug_abbrev  0x00002745      0x406 src/ASF/sam/drivers/usart/usart.o
 .debug_abbrev  0x00002b4b      0x17c src/ASF/sam/utils/cmsis/sam4s/source/templates/gcc/startup_sam4s.o
 .debug_abbrev  0x00002cc7      0x102 src/ASF/sam/utils/cmsis/sam4s/source/templates/system_sam4s.o
 .debug_abbrev  0x00002dc9      0x264 src/ASF/sam/utils/syscalls/gcc/syscalls.o
 .debug_abbrev  0x0000302d      0x476 src/main.o

.debug_loc      0x00000000     0x70f5
 .debug_loc     0x00000000       0xb3 src/ASF/common/utils/stdio/read.o
 .debug_loc     0x000000b3      0x12b src/ASF/common/utils/stdio/write.o
 .debug_loc     0x000001de      0x128 src/ASF/sam/components/display/aat31xx/aat31xx.o
 .debug_loc     0x00000306     0x247b src/ASF/sam/components/display/ili93xx/ili93xx.o
 .debug_loc     0x00002781      0x9e6 src/ASF/sam/drivers/adc/adc.o
 .debug_loc     0x00003167       0xe7 src/ASF/sam/drivers/ebi/smc/smc.o
 .debug_loc     0x0000324e      0x5a4 src/ASF/sam/drivers/tc/tc.o
 .debug_loc     0x000037f2      0x143 src/ASF/common/services/clock/sam4s/sysclk.o
 .debug_loc     0x00003935       0x5c src/ASF/sam/boards/sam4s_ek2/init.o
 .debug_loc     0x00003991       0xc0 src/ASF/sam/boards/sam4s_ek2/led.o
 .debug_loc     0x00003a51      0xdef src/ASF/sam/drivers/pio/pio.o
 .debug_loc     0x00004840      0x549 src/ASF/sam/drivers/pio/pio_handler.o
 .debug_loc     0x00004d89      0xb91 src/ASF/sam/drivers/pmc/pmc.o
 .debug_loc     0x0000591a      0x241 src/ASF/sam/drivers/uart/uart.o
 .debug_loc     0x00005b5b      0xe59 src/ASF/sam/drivers/usart/usart.o
 .debug_loc     0x000069b4       0xa1 src/ASF/sam/utils/cmsis/sam4s/source/templates/gcc/startup_sam4s.o
 .debug_loc     0x00006a55       0xfd src/ASF/sam/utils/syscalls/gcc/syscalls.o
 .debug_loc     0x00006b52      0x5a3 src/main.o

.debug_aranges  0x00000000      0xd38
 .debug_aranges
                0x00000000       0x20 src/ASF/common/utils/stdio/read.o
 .debug_aranges
                0x00000020       0x20 src/ASF/common/utils/stdio/write.o
 .debug_aranges
                0x00000040       0x28 src/ASF/sam/components/display/aat31xx/aat31xx.o
 .debug_aranges
                0x00000068      0x170 src/ASF/sam/components/display/ili93xx/ili93xx.o
 .debug_aranges
                0x000001d8      0x188 src/ASF/sam/drivers/adc/adc.o
 .debug_aranges
                0x00000360       0x50 src/ASF/sam/drivers/ebi/smc/smc.o
 .debug_aranges
                0x000003b0       0xd0 src/ASF/sam/drivers/tc/tc.o
 .debug_aranges
                0x00000480       0x30 src/ASF/common/services/clock/sam4s/sysclk.o
 .debug_aranges
                0x000004b0       0x20 src/ASF/sam/boards/sam4s_ek2/init.o
 .debug_aranges
                0x000004d0       0x28 src/ASF/sam/boards/sam4s_ek2/led.o
 .debug_aranges
                0x000004f8      0x1a8 src/ASF/sam/drivers/pio/pio.o
 .debug_aranges
                0x000006a0       0x58 src/ASF/sam/drivers/pio/pio_handler.o
 .debug_aranges
                0x000006f8      0x208 src/ASF/sam/drivers/pmc/pmc.o
 .debug_aranges
                0x00000900       0xe8 src/ASF/sam/drivers/uart/uart.o
 .debug_aranges
                0x000009e8      0x210 src/ASF/sam/drivers/usart/usart.o
 .debug_aranges
                0x00000bf8       0x28 src/ASF/sam/utils/cmsis/sam4s/source/templates/gcc/startup_sam4s.o
 .debug_aranges
                0x00000c20       0x30 src/ASF/sam/utils/cmsis/sam4s/source/templates/system_sam4s.o
 .debug_aranges
                0x00000c50       0x60 src/ASF/sam/utils/syscalls/gcc/syscalls.o
 .debug_aranges
                0x00000cb0       0x88 src/main.o

.debug_ranges   0x00000000      0xd40
 .debug_ranges  0x00000000       0x10 src/ASF/common/utils/stdio/read.o
 .debug_ranges  0x00000010       0x10 src/ASF/common/utils/stdio/write.o
 .debug_ranges  0x00000020       0x30 src/ASF/sam/components/display/aat31xx/aat31xx.o
 .debug_ranges  0x00000050      0x250 src/ASF/sam/components/display/ili93xx/ili93xx.o
 .debug_ranges  0x000002a0      0x178 src/ASF/sam/drivers/adc/adc.o
 .debug_ranges  0x00000418       0x40 src/ASF/sam/drivers/ebi/smc/smc.o
 .debug_ranges  0x00000458       0xc0 src/ASF/sam/drivers/tc/tc.o
 .debug_ranges  0x00000518       0x20 src/ASF/common/services/clock/sam4s/sysclk.o
 .debug_ranges  0x00000538       0x10 src/ASF/sam/boards/sam4s_ek2/init.o
 .debug_ranges  0x00000548       0x18 src/ASF/sam/boards/sam4s_ek2/led.o
 .debug_ranges  0x00000560      0x1b0 src/ASF/sam/drivers/pio/pio.o
 .debug_ranges  0x00000710       0x60 src/ASF/sam/drivers/pio/pio_handler.o
 .debug_ranges  0x00000770      0x1f8 src/ASF/sam/drivers/pmc/pmc.o
 .debug_ranges  0x00000968       0xd8 src/ASF/sam/drivers/uart/uart.o
 .debug_ranges  0x00000a40      0x200 src/ASF/sam/drivers/usart/usart.o
 .debug_ranges  0x00000c40       0x18 src/ASF/sam/utils/cmsis/sam4s/source/templates/gcc/startup_sam4s.o
 .debug_ranges  0x00000c58       0x20 src/ASF/sam/utils/cmsis/sam4s/source/templates/system_sam4s.o
 .debug_ranges  0x00000c78       0x50 src/ASF/sam/utils/syscalls/gcc/syscalls.o
 .debug_ranges  0x00000cc8       0x78 src/main.o

.debug_macro    0x00000000     0x76e8
 .debug_macro   0x00000000      0x524 src/ASF/common/utils/stdio/read.o
 .debug_macro   0x00000524      0x524 src/ASF/common/utils/stdio/write.o
 .debug_macro   0x00000a48      0x5ec src/ASF/sam/components/display/aat31xx/aat31xx.o
 .debug_macro   0x00001034      0x2c0 src/ASF/sam/components/display/aat31xx/aat31xx.o
 .debug_macro   0x000012f4       0x82 src/ASF/sam/components/display/aat31xx/aat31xx.o
 .debug_macro   0x00001376       0x46 src/ASF/sam/components/display/aat31xx/aat31xx.o
 .debug_macro   0x000013bc       0x16 src/ASF/sam/components/display/aat31xx/aat31xx.o
 .debug_macro   0x000013d2      0x596 src/ASF/sam/components/display/ili93xx/ili93xx.o
 .debug_macro   0x00001968       0x52 src/ASF/sam/components/display/ili93xx/ili93xx.o
 .debug_macro   0x000019ba       0x8d src/ASF/sam/components/display/ili93xx/ili93xx.o
 .debug_macro   0x00001a47       0x57 src/ASF/sam/components/display/ili93xx/ili93xx.o
 .debug_macro   0x00001a9e       0x10 src/ASF/sam/components/display/ili93xx/ili93xx.o
 .debug_macro   0x00001aae       0x1c src/ASF/sam/components/display/ili93xx/ili93xx.o
 .debug_macro   0x00001aca       0x16 src/ASF/sam/components/display/ili93xx/ili93xx.o
 .debug_macro   0x00001ae0      0x14f src/ASF/sam/components/display/ili93xx/ili93xx.o
 .debug_macro   0x00001c2f      0x287 src/ASF/sam/components/display/ili93xx/ili93xx.o
 .debug_macro   0x00001eb6      0x7ed src/ASF/sam/components/display/ili93xx/ili93xx.o
 .debug_macro   0x000026a3      0x53d src/ASF/sam/drivers/adc/adc.o
 .debug_macro   0x00002be0       0x1c src/ASF/sam/drivers/adc/adc.o
 .debug_macro   0x00002bfc      0x551 src/ASF/sam/drivers/ebi/smc/smc.o
 .debug_macro   0x0000314d      0x53a src/ASF/sam/drivers/tc/tc.o
 .debug_macro   0x00003687      0x59e src/ASF/common/services/clock/sam4s/sysclk.o
 .debug_macro   0x00003c25      0x5de src/ASF/sam/boards/sam4s_ek2/init.o
 .debug_macro   0x00004203       0x94 src/ASF/sam/boards/sam4s_ek2/init.o
 .debug_macro   0x00004297       0x40 src/ASF/sam/boards/sam4s_ek2/init.o
 .debug_macro   0x000042d7      0x58b src/ASF/sam/boards/sam4s_ek2/led.o
 .debug_macro   0x00004862      0x539 src/ASF/sam/drivers/pio/pio.o
 .debug_macro   0x00004d9b       0x8e src/ASF/sam/drivers/pio/pio.o
 .debug_macro   0x00004e29      0x543 src/ASF/sam/drivers/pio/pio_handler.o
 .debug_macro   0x0000536c      0x539 src/ASF/sam/drivers/pmc/pmc.o
 .debug_macro   0x000058a5       0x52 src/ASF/sam/drivers/pmc/pmc.o
 .debug_macro   0x000058f7      0x533 src/ASF/sam/drivers/uart/uart.o
 .debug_macro   0x00005e2a       0x16 src/ASF/sam/drivers/uart/uart.o
 .debug_macro   0x00005e40      0x569 src/ASF/sam/drivers/usart/usart.o
 .debug_macro   0x000063a9       0x28 src/ASF/sam/drivers/usart/usart.o
 .debug_macro   0x000063d1      0x325 src/ASF/sam/utils/cmsis/sam4s/source/templates/gcc/startup_sam4s.o
 .debug_macro   0x000066f6      0x32d src/ASF/sam/utils/cmsis/sam4s/source/templates/system_sam4s.o
 .debug_macro   0x00006a23      0x1d6 src/ASF/sam/utils/syscalls/gcc/syscalls.o
 .debug_macro   0x00006bf9       0x97 src/ASF/sam/utils/syscalls/gcc/syscalls.o
 .debug_macro   0x00006c90       0xf6 src/ASF/sam/utils/syscalls/gcc/syscalls.o
 .debug_macro   0x00006d86       0x4c src/ASF/sam/utils/syscalls/gcc/syscalls.o
 .debug_macro   0x00006dd2       0x16 src/ASF/sam/utils/syscalls/gcc/syscalls.o
 .debug_macro   0x00006de8       0x10 src/ASF/sam/utils/syscalls/gcc/syscalls.o
 .debug_macro   0x00006df8       0x10 src/ASF/sam/utils/syscalls/gcc/syscalls.o
 .debug_macro   0x00006e08       0x35 src/ASF/sam/utils/syscalls/gcc/syscalls.o
 .debug_macro   0x00006e3d      0x122 src/ASF/sam/utils/syscalls/gcc/syscalls.o
 .debug_macro   0x00006f5f      0x779 src/main.o
 .debug_macro   0x000076d8       0x10 src/main.o

.debug_line     0x00000000     0xed91
 .debug_line    0x00000000      0xab0 src/ASF/common/utils/stdio/read.o
 .debug_line    0x00000ab0      0xaa8 src/ASF/common/utils/stdio/write.o
 .debug_line    0x00001558      0xcb4 src/ASF/sam/components/display/aat31xx/aat31xx.o
 .debug_line    0x0000220c     0x12dc src/ASF/sam/components/display/ili93xx/ili93xx.o
 .debug_line    0x000034e8      0xe76 src/ASF/sam/drivers/adc/adc.o
 .debug_line    0x0000435e      0xb5a src/ASF/sam/drivers/ebi/smc/smc.o
 .debug_line    0x00004eb8      0xc4e src/ASF/sam/drivers/tc/tc.o
 .debug_line    0x00005b06      0xbe6 src/ASF/common/services/clock/sam4s/sysclk.o
 .debug_line    0x000066ec      0xcbf src/ASF/sam/boards/sam4s_ek2/init.o
 .debug_line    0x000073ab      0xb7f src/ASF/sam/boards/sam4s_ek2/led.o
 .debug_line    0x00007f2a      0xf5f src/ASF/sam/drivers/pio/pio.o
 .debug_line    0x00008e89      0xb7a src/ASF/sam/drivers/pio/pio_handler.o
 .debug_line    0x00009a03     0x1042 src/ASF/sam/drivers/pmc/pmc.o
 .debug_line    0x0000aa45      0xc63 src/ASF/sam/drivers/uart/uart.o
 .debug_line    0x0000b6a8     0x102c src/ASF/sam/drivers/usart/usart.o
 .debug_line    0x0000c6d4      0x88b src/ASF/sam/utils/cmsis/sam4s/source/templates/gcc/startup_sam4s.o
 .debug_line    0x0000cf5f      0x8bd src/ASF/sam/utils/cmsis/sam4s/source/templates/system_sam4s.o
 .debug_line    0x0000d81c      0x40b src/ASF/sam/utils/syscalls/gcc/syscalls.o
 .debug_line    0x0000dc27     0x116a src/main.o

.debug_str      0x00000000    0x5a8af
 .debug_str     0x00000000    0x4a5e6 src/ASF/common/utils/stdio/read.o
                              0x4a9b3 (size before relaxing)
 .debug_str     0x0004a5e6       0x2e src/ASF/common/utils/stdio/write.o
                              0x4a9b4 (size before relaxing)
 .debug_str     0x0004a614     0x5244 src/ASF/sam/components/display/aat31xx/aat31xx.o
                              0x4fc1f (size before relaxing)
 .debug_str     0x0004f858     0x65e3 src/ASF/sam/components/display/ili93xx/ili93xx.o
                              0x55146 (size before relaxing)
 .debug_str     0x00055e3b      0xa6d src/ASF/sam/drivers/adc/adc.o
                              0x4b4a3 (size before relaxing)
 .debug_str     0x000568a8      0x190 src/ASF/sam/drivers/ebi/smc/smc.o
                              0x4ec60 (size before relaxing)
 .debug_str     0x00056a38      0x307 src/ASF/sam/drivers/tc/tc.o
                              0x4ad19 (size before relaxing)
 .debug_str     0x00056d3f      0x382 src/ASF/common/services/clock/sam4s/sysclk.o
                              0x4f7a7 (size before relaxing)
 .debug_str     0x000570c1      0x6f4 src/ASF/sam/boards/sam4s_ek2/init.o
                              0x50104 (size before relaxing)
 .debug_str     0x000577b5      0x13c src/ASF/sam/boards/sam4s_ek2/led.o
                              0x4f20b (size before relaxing)
 .debug_str     0x000578f1      0x4e7 src/ASF/sam/drivers/pio/pio.o
                              0x4b5ce (size before relaxing)
 .debug_str     0x00057dd8      0x402 src/ASF/sam/drivers/pio/pio_handler.o
                              0x4b4fa (size before relaxing)
 .debug_str     0x000581da      0x627 src/ASF/sam/drivers/pmc/pmc.o
                              0x4b42c (size before relaxing)
 .debug_str     0x00058801      0x338 src/ASF/sam/drivers/uart/uart.o
                              0x4ad6d (size before relaxing)
 .debug_str     0x00058b39      0x93f src/ASF/sam/drivers/usart/usart.o
                              0x4b3b3 (size before relaxing)
 .debug_str     0x00059478      0x435 src/ASF/sam/utils/cmsis/sam4s/source/templates/gcc/startup_sam4s.o
                              0x3b410 (size before relaxing)
 .debug_str     0x000598ad       0xb9 src/ASF/sam/utils/cmsis/sam4s/source/templates/system_sam4s.o
                              0x3b1a2 (size before relaxing)
 .debug_str     0x00059966      0x761 src/ASF/sam/utils/syscalls/gcc/syscalls.o
                               0x7420 (size before relaxing)
 .debug_str     0x0005a0c7      0x7e8 src/main.o
                              0x575b9 (size before relaxing)

.debug_frame    0x00000000     0x3108
 .debug_frame   0x00000000       0x30 src/ASF/common/utils/stdio/read.o
 .debug_frame   0x00000030       0x48 src/ASF/common/utils/stdio/write.o
 .debug_frame   0x00000078       0x50 src/ASF/sam/components/display/aat31xx/aat31xx.o
 .debug_frame   0x000000c8      0x4d0 src/ASF/sam/components/display/ili93xx/ili93xx.o
 .debug_frame   0x00000598      0x340 src/ASF/sam/drivers/adc/adc.o
 .debug_frame   0x000008d8       0x80 src/ASF/sam/drivers/ebi/smc/smc.o
 .debug_frame   0x00000958      0x1a8 src/ASF/sam/drivers/tc/tc.o
 .debug_frame   0x00000b00       0x58 src/ASF/common/services/clock/sam4s/sysclk.o
 .debug_frame   0x00000b58       0x2c src/ASF/sam/boards/sam4s_ek2/init.o
 .debug_frame   0x00000b84       0x50 src/ASF/sam/boards/sam4s_ek2/led.o
 .debug_frame   0x00000bd4      0x384 src/ASF/sam/drivers/pio/pio.o
 .debug_frame   0x00000f58       0xf4 src/ASF/sam/drivers/pio/pio_handler.o
 .debug_frame   0x0000104c      0x408 src/ASF/sam/drivers/pmc/pmc.o
 .debug_frame   0x00001454      0x1bc src/ASF/sam/drivers/uart/uart.o
 .debug_frame   0x00001610      0x48c src/ASF/sam/drivers/usart/usart.o
 .debug_frame   0x00001a9c       0x38 src/ASF/sam/utils/cmsis/sam4s/source/templates/gcc/startup_sam4s.o